Archive member included to satisfy reference by file (symbol)

C:/ST/STM32CubeIDE_1.19.0/STM32CubeIDE/plugins/com.st.stm32cube.ide.mcu.externaltools.gnu-tools-for-stm32.13.3.rel1.win32_1.0.100.202509120712/tools/bin/../lib/gcc/arm-none-eabi/13.3.1/../../../../arm-none-eabi/lib/thumb/v7e-m/nofp\libc_nano.a(libc_a-exit.o)
                              C:/ST/STM32CubeIDE_1.19.0/STM32CubeIDE/plugins/com.st.stm32cube.ide.mcu.externaltools.gnu-tools-for-stm32.13.3.rel1.win32_1.0.100.202509120712/tools/bin/../lib/gcc/arm-none-eabi/13.3.1/../../../../arm-none-eabi/lib/thumb/v7e-m/nofp/crt0.o (exit)
C:/ST/STM32CubeIDE_1.19.0/STM32CubeIDE/plugins/com.st.stm32cube.ide.mcu.externaltools.gnu-tools-for-stm32.13.3.rel1.win32_1.0.100.202509120712/tools/bin/../lib/gcc/arm-none-eabi/13.3.1/../../../../arm-none-eabi/lib/thumb/v7e-m/nofp\libc_nano.a(libc_a-ctype_.o)
                              ./Core/nui/ui_cmd.o (_ctype_)
C:/ST/STM32CubeIDE_1.19.0/STM32CubeIDE/plugins/com.st.stm32cube.ide.mcu.externaltools.gnu-tools-for-stm32.13.3.rel1.win32_1.0.100.202509120712/tools/bin/../lib/gcc/arm-none-eabi/13.3.1/../../../../arm-none-eabi/lib/thumb/v7e-m/nofp\libc_nano.a(libc_a-findfp.o)
                              C:/ST/STM32CubeIDE_1.19.0/STM32CubeIDE/plugins/com.st.stm32cube.ide.mcu.externaltools.gnu-tools-for-stm32.13.3.rel1.win32_1.0.100.202509120712/tools/bin/../lib/gcc/arm-none-eabi/13.3.1/../../../../arm-none-eabi/lib/thumb/v7e-m/nofp\libc_nano.a(libc_a-exit.o) (__stdio_exit_handler)
C:/ST/STM32CubeIDE_1.19.0/STM32CubeIDE/plugins/com.st.stm32cube.ide.mcu.externaltools.gnu-tools-for-stm32.13.3.rel1.win32_1.0.100.202509120712/tools/bin/../lib/gcc/arm-none-eabi/13.3.1/../../../../arm-none-eabi/lib/thumb/v7e-m/nofp\libc_nano.a(libc_a-fwalk.o)
                              C:/ST/STM32CubeIDE_1.19.0/STM32CubeIDE/plugins/com.st.stm32cube.ide.mcu.externaltools.gnu-tools-for-stm32.13.3.rel1.win32_1.0.100.202509120712/tools/bin/../lib/gcc/arm-none-eabi/13.3.1/../../../../arm-none-eabi/lib/thumb/v7e-m/nofp\libc_nano.a(libc_a-findfp.o) (_fwalk_sglue)
C:/ST/STM32CubeIDE_1.19.0/STM32CubeIDE/plugins/com.st.stm32cube.ide.mcu.externaltools.gnu-tools-for-stm32.13.3.rel1.win32_1.0.100.202509120712/tools/bin/../lib/gcc/arm-none-eabi/13.3.1/../../../../arm-none-eabi/lib/thumb/v7e-m/nofp\libc_nano.a(libc_a-snprintf.o)
                              ./Core/nui/nd_app.o (snprintf)
C:/ST/STM32CubeIDE_1.19.0/STM32CubeIDE/plugins/com.st.stm32cube.ide.mcu.externaltools.gnu-tools-for-stm32.13.3.rel1.win32_1.0.100.202509120712/tools/bin/../lib/gcc/arm-none-eabi/13.3.1/../../../../arm-none-eabi/lib/thumb/v7e-m/nofp\libc_nano.a(libc_a-sscanf.o)
                              ./Core/nui/ui_time.o (sscanf)
C:/ST/STM32CubeIDE_1.19.0/STM32CubeIDE/plugins/com.st.stm32cube.ide.mcu.externaltools.gnu-tools-for-stm32.13.3.rel1.win32_1.0.100.202509120712/tools/bin/../lib/gcc/arm-none-eabi/13.3.1/../../../../arm-none-eabi/lib/thumb/v7e-m/nofp\libc_nano.a(libc_a-stdio.o)
                              C:/ST/STM32CubeIDE_1.19.0/STM32CubeIDE/plugins/com.st.stm32cube.ide.mcu.externaltools.gnu-tools-for-stm32.13.3.rel1.win32_1.0.100.202509120712/tools/bin/../lib/gcc/arm-none-eabi/13.3.1/../../../../arm-none-eabi/lib/thumb/v7e-m/nofp\libc_nano.a(libc_a-findfp.o) (__sread)
C:/ST/STM32CubeIDE_1.19.0/STM32CubeIDE/plugins/com.st.stm32cube.ide.mcu.externaltools.gnu-tools-for-stm32.13.3.rel1.win32_1.0.100.202509120712/tools/bin/../lib/gcc/arm-none-eabi/13.3.1/../../../../arm-none-eabi/lib/thumb/v7e-m/nofp\libc_nano.a(libc_a-memcmp.o)
                              ./Core/nui/nd_app.o (memcmp)
C:/ST/STM32CubeIDE_1.19.0/STM32CubeIDE/plugins/com.st.stm32cube.ide.mcu.externaltools.gnu-tools-for-stm32.13.3.rel1.win32_1.0.100.202509120712/tools/bin/../lib/gcc/arm-none-eabi/13.3.1/../../../../arm-none-eabi/lib/thumb/v7e-m/nofp\libc_nano.a(libc_a-memset.o)
                              C:/ST/STM32CubeIDE_1.19.0/STM32CubeIDE/plugins/com.st.stm32cube.ide.mcu.externaltools.gnu-tools-for-stm32.13.3.rel1.win32_1.0.100.202509120712/tools/bin/../lib/gcc/arm-none-eabi/13.3.1/../../../../arm-none-eabi/lib/thumb/v7e-m/nofp/crt0.o (memset)
C:/ST/STM32CubeIDE_1.19.0/STM32CubeIDE/plugins/com.st.stm32cube.ide.mcu.externaltools.gnu-tools-for-stm32.13.3.rel1.win32_1.0.100.202509120712/tools/bin/../lib/gcc/arm-none-eabi/13.3.1/../../../../arm-none-eabi/lib/thumb/v7e-m/nofp\libc_nano.a(libc_a-strncmp.o)
                              ./Core/nui/ui_cmd.o (strncmp)
C:/ST/STM32CubeIDE_1.19.0/STM32CubeIDE/plugins/com.st.stm32cube.ide.mcu.externaltools.gnu-tools-for-stm32.13.3.rel1.win32_1.0.100.202509120712/tools/bin/../lib/gcc/arm-none-eabi/13.3.1/../../../../arm-none-eabi/lib/thumb/v7e-m/nofp\libc_nano.a(libc_a-closer.o)
[...]
Memory Configuration

Name             Origin             Length             Attributes
RAM              0x20000000         0x00010000         xrw
RAM2             0x10000000         0x00008000         xrw
FLASH            0x08000000         0x00040000         xr
*default*        0x00000000         0xffffffff

Linker script and memory map

LOAD C:/ST/STM32CubeIDE_1.19.0/STM32CubeIDE/plugins/com.st.stm32cube.ide.mcu.externaltools.gnu-tools-for-stm32.13.3.rel1.win32_1.0.100.202509120712/tools/bin/../lib/gcc/arm-none-eabi/13.3.1/thumb/v7e-m/nofp/crti.o
LOAD C:/ST/STM32CubeIDE_1.19.0/STM32CubeIDE/plugins/com.st.stm32cube.ide.mcu.externaltools.gnu-tools-for-stm32.13.3.rel1.win32_1.0.100.202509120712/tools/bin/../lib/gcc/arm-none-eabi/13.3.1/thumb/v7e-m/nofp/crtbegin.o
LOAD C:/ST/STM32CubeIDE_1.19.0/STM32CubeIDE/plugins/com.st.stm32cube.ide.mcu.externaltools.gnu-tools-for-stm32.13.3.rel1.win32_1.0.100.202509120712/tools/bin/../lib/gcc/arm-none-eabi/13.3.1/../../../../arm-none-eabi/lib/thumb/v7e-m/nofp/crt0.o
LOAD ./Core/Src/main.o
LOAD ./Core/Src/stm32_lpm_if.o
LOAD ./Core/Src/stm32wlxx_hal_msp.o
LOAD ./Core/Src/stm32wlxx_it.o
LOAD ./Core/Src/sys_app.o
LOAD ./Core/Src/sys_debug.o
LOAD ./Core/Src/syscalls.o
LOAD ./Core/Src/sysmem.o
LOAD ./Core/Src/system_stm32wlxx.o
LOAD ./Core/Src/timer_if.o
LOAD ./Core/Src/usart_if.o
LOAD ./Core/Startup/startup_stm32wle5ccux.o
LOAD ./Core/nui/nd_app.o
LOAD ./Core/nui/nd_sensors.o
LOAD ./Core/nui/ui_ble.o
LOAD ./Core/nui/ui_cmd.o
LOAD ./Core/nui/ui_config.o
LOAD ./Core/nui/ui_core.o
LOAD ./Core/nui/ui_crc16.o
LOAD ./Core/nui/ui_fault.o
LOAD ./Core/nui/ui_gpio.o
LOAD ./Core/nui/ui_hal_callbacks.o
LOAD ./Core/nui/ui_lpm.o
LOAD ./Core/nui/ui_packets.o
LOAD ./Core/nui/ui_radio.o
LOAD ./Core/nui/ui_rf_plan_kr920.o
LOAD ./Core/nui/ui_ringbuf.o
LOAD ./Core/nui/ui_time.o
LOAD ./Core/nui/ui_uart.o
LOAD ./Drivers/STM32WLxx_HAL_Driver/Src/stm32wlxx_hal.o
LOAD ./Drivers/STM32WLxx_HAL_Driver/Src/stm32wlxx_hal_adc.o
LOAD ./Drivers/STM32WLxx_HAL_Driver/Src/stm32wlxx_hal_adc_ex.o
LOAD ./Drivers/STM32WLxx_HAL_Driver/Src/stm32wlxx_hal_cortex.o
LOAD ./Drivers/STM32WLxx_HAL_Driver/Src/stm32wlxx_hal_dma.o
LOAD ./Drivers/STM32WLxx_HAL_Driver/Src/stm32wlxx_hal_dma_ex.o
LOAD ./Drivers/STM32WLxx_HAL_Driver/Src/stm32wlxx_hal_exti.o
LOAD ./Drivers/STM32WLxx_HAL_Driver/Src/stm32wlxx_hal_flash.o
LOAD ./Drivers/STM32WLxx_HAL_Driver/Src/stm32wlxx_hal_flash_ex.o
LOAD ./Drivers/STM32WLxx_HAL_Driver/Src/stm32wlxx_hal_gpio.o
LOAD ./Drivers/STM32WLxx_HAL_Driver/Src/stm32wlxx_hal_pwr.o
LOAD ./Drivers/STM32WLxx_HAL_Driver/Src/stm32wlxx_hal_pwr_ex.o
LOAD ./Drivers/STM32WLxx_HAL_Driver/Src/stm32wlxx_hal_rcc.o
LOAD ./Drivers/STM32WLxx_HAL_Driver/Src/stm32wlxx_hal_rcc_ex.o
LOAD ./Drivers/STM32WLxx_HAL_Driver/Src/stm32wlxx_hal_rtc.o
LOAD ./Drivers/STM32WLxx_HAL_Driver/Src/stm32wlxx_hal_rtc_ex.o
LOAD ./Drivers/STM32WLxx_HAL_Driver/Src/stm32wlxx_hal_spi.o
LOAD ./Drivers/STM32WLxx_HAL_Driver/Src/stm32wlxx_hal_spi_ex.o
LOAD ./Drivers/STM32WLxx_HAL_Driver/Src/stm32wlxx_hal_subghz.o
LOAD ./Drivers/STM32WLxx_HAL_Driver/Src/stm32wlxx_hal_uart.o
LOAD ./Drivers/STM32WLxx_HAL_Driver/Src/stm32wlxx_hal_uart_ex.o
LOAD ./Drivers/STM32WLxx_HAL_Driver/Src/stm32wlxx_ll_adc.o
LOAD ./Middlewares/Third_Party/SubGHz_Phy/stm32_radio_driver/lr_fhss_mac.o
LOAD ./Middlewares/Third_Party/SubGHz_Phy/stm32_radio_driver/radio.o
LOAD ./Middlewares/Third_Party/SubGHz_Phy/stm32_radio_driver/radio_driver.o
LOAD ./Middlewares/Third_Party/SubGHz_Phy/stm32_radio_driver/radio_fw.o
LOAD ./Middlewares/Third_Party/SubGHz_Phy/stm32_radio_driver/wl_lr_fhss.o
LOAD ./SubGHz_Phy/App/app_subghz_phy.o
LOAD ./SubGHz_Phy/App/subghz_phy_app.o
LOAD ./SubGHz_Phy/Target/radio_board_if.o
LOAD ./Utilities/lpm/tiny_lpm/stm32_lpm.o
LOAD ./Utilities/misc/stm32_mem.o
LOAD ./Utilities/misc/stm32_systime.o
LOAD ./Utilities/misc/stm32_tiny_sscanf.o
LOAD ./Utilities/misc/stm32_tiny_vsnprintf.o
LOAD ./Utilities/sequencer/stm32_seq.o
LOAD ./Utilities/timer/stm32_timer.o
LOAD ./Utilities/trace/adv_trace/stm32_adv_trace.o
START GROUP
LOAD C:/ST/STM32CubeIDE_1.19.0/STM32CubeIDE/plugins/com.st.stm32cube.ide.mcu.externaltools.gnu-tools-for-stm32.13.3.rel1.win32_1.0.100.202509120712/tools/bin/../lib/gcc/arm-none-eabi/13.3.1/../../../../arm-none-eabi/lib/thumb/v7e-m/nofp\libc_nano.a
LOAD C:/ST/STM32CubeIDE_1.19.0/STM32CubeIDE/plugins/com.st.stm32cube.ide.mcu.externaltools.gnu-tools-for-stm32.13.3.rel1.win32_1.0.100.202509120712/tools/bin/../lib/gcc/arm-none-eabi/13.3.1/../../../../arm-none-eabi/lib/thumb/v7e-m/nofp\libm.a
END GROUP
START GROUP
LOAD C:/ST/STM32CubeIDE_1.19.0/STM32CubeIDE/plugins/com.st.stm32cube.ide.mcu.externaltools.gnu-tools-for-stm32.13.3.rel1.win32_1.0.100.202509120712/tools/bin/../lib/gcc/arm-none-eabi/13.3.1/thumb/v7e-m/nofp\libgcc.a
LOAD C:/ST/STM32CubeIDE_1.19.0/STM32CubeIDE/plugins/com.st.stm32cube.ide.mcu.externaltools.gnu-tools-for-stm32.13.3.rel1.win32_1.0.100.202509120712/tools/bin/../lib/gcc/arm-none-eabi/13.3.1/../../../../arm-none-eabi/lib/thumb/v7e-m/nofp\libc_nano.a
END GROUP
START GROUP
LOAD C:/ST/STM32CubeIDE_1.19.0/STM32CubeIDE/plugins/com.st.stm32cube.ide.mcu.externaltools.gnu-tools-for-stm32.13.3.rel1.win32_1.0.100.202509120712/tools/bin/../lib/gcc/arm-none-eabi/13.3.1/thumb/v7e-m/nofp\libgcc.a
LOAD C:/ST/STM32CubeIDE_1.19.0/STM32CubeIDE/plugins/com.st.stm32cube.ide.mcu.externaltools.gnu-tools-for-stm32.13.3.rel1.win32_1.0.100.202509120712/tools/bin/../lib/gcc/arm-none-eabi/13.3.1/../../../../arm-none-eabi/lib/thumb/v7e-m/nofp\libc_nano.a
LOAD C:/ST/STM32CubeIDE_1.19.0/STM32CubeIDE/plugins/com.st.stm32cube.ide.mcu.externaltools.gnu-tools-for-stm32.13.3.rel1.win32_1.0.100.202509120712/tools/bin/../lib/gcc/arm-none-eabi/13.3.1/../../../../arm-none-eabi/lib/thumb/v7e-m/nofp\libnosys.a
END GROUP
START GROUP
LOAD C:/ST/STM32CubeIDE_1.19.0/STM32CubeIDE/plugins/com.st.stm32cube.ide.mcu.externaltools.gnu-tools-for-stm32.13.3.rel1.win32_1.0.100.202509120712/tools/bin/../lib/gcc/arm-none-eabi/13.3.1/thumb/v7e-m/nofp\libgcc.a
LOAD C:/ST/STM32CubeIDE_1.19.0/STM32CubeIDE/plugins/com.st.stm32cube.ide.mcu.externaltools.gnu-tools-for-stm32.13.3.rel1.win32_1.0.100.202509120712/tools/bin/../lib/gcc/arm-none-eabi/13.3.1/../../../../arm-none-eabi/lib/thumb/v7e-m/nofp\libc_nano.a
LOAD C:/ST/STM32CubeIDE_1.19.0/STM32CubeIDE/plugins/com.st.stm32cube.ide.mcu.externaltools.gnu-tools-for-stm32.13.3.rel1.win32_1.0.100.202509120712/tools/bin/../lib/gcc/arm-none-eabi/13.3.1/../../../../arm-none-eabi/lib/thumb/v7e-m/nofp\libnosys.a
END GROUP
LOAD C:/ST/STM32CubeIDE_1.19.0/STM32CubeIDE/plugins/com.st.stm32cube.ide.mcu.externaltools.gnu-tools-for-stm32.13.3.rel1.win32_1.0.100.202509120712/tools/bin/../lib/gcc/arm-none-eabi/13.3.1/thumb/v7e-m/nofp/crtend.o
LOAD C:/ST/STM32CubeIDE_1.19.0/STM32CubeIDE/plugins/com.st.stm32cube.ide.mcu.externaltools.gnu-tools-for-stm32.13.3.rel1.win32_1.0.100.202509120712/tools/bin/../lib/gcc/arm-none-eabi/13.3.1/thumb/v7e-m/nofp/crtn.o
                0x20010000                        _estack = (ORIGIN (RAM) + LENGTH (RAM))
                0x00000400                        _Min_Heap_Size = 0x400
                0x00001000                        _Min_Stack_Size = 0x1000

.isr_vector     0x08000000      0x138
                0x08000000                        . = ALIGN (0x4)
 *(.isr_vector)
 .isr_vector    0x08000000      0x138 ./Core/Startup/startup_stm32wle5ccux.o
                0x08000000                g_pfnVectors
                0x08000138                        . = ALIGN (0x4)

.text           0x08000140     0xda58
                0x08000140                        . = ALIGN (0x4)
 *(.text)
 .text          0x08000140       0x40 C:/ST/STM32CubeIDE_1.19.0/STM32CubeIDE/plugins/com.st.stm32cube.ide.mcu.externaltools.gnu-tools-for-stm32.13.3.rel1.win32_1.0.100.202509120712/tools/bin/../lib/gcc/arm-none-eabi/13.3.1/thumb/v7e-m/nofp/crtbegin.o
 .text          0x08000180       0x14 C:/ST/STM32CubeIDE_1.19.0/STM32CubeIDE/plugins/com.st.stm32cube.ide.mcu.externaltools.gnu-tools-for-stm32.13.3.rel1.win32_1.0.100.202509120712/tools/bin/../lib/gcc/arm-none-eabi/13.3.1/../../../../arm-none-eabi/lib/thumb/v7e-m/nofp\libc_nano.a(libc_a-strcmp.o)
                0x08000180                strcmp
 .text          0x08000194       0x10 C:/ST/STM32CubeIDE_1.19.0/STM32CubeIDE/plugins/com.st.stm32cube.ide.mcu.externaltools.gnu-tools-for-stm32.13.3.rel1.win32_1.0.100.202509120712/tools/bin/../lib/gcc/arm-none-eabi/13.3.1/../../../../arm-none-eabi/lib/thumb/v7e-m/nofp\libc_nano.a(libc_a-strlen.o)
                0x08000194                strlen
 *fill*         0x080001a4        0xc 
 .text          0x080001b0       0xa0 C:/ST/STM32CubeIDE_1.19.0/STM32CubeIDE/plugins/com.st.stm32cube.ide.mcu.externaltools.gnu-tools-for-stm32.13.3.rel1.win32_1.0.100.202509120712/tools/bin/../lib/gcc/arm-none-eabi/13.3.1/../../../../arm-none-eabi/lib/thumb/v7e-m/nofp\libc_nano.a(libc_a-memchr.o)
                0x080001b0                memchr
 .text          0x08000250       0x30 C:/ST/STM32CubeIDE_1.19.0/STM32CubeIDE/plugins/com.st.stm32cube.ide.mcu.externaltools.gnu-tools-for-stm32.13.3.rel1.win32_1.0.100.202509120712/tools/bin/../lib/gcc/arm-none-eabi/13.3.1/thumb/v7e-m/nofp\libgcc.a(_aeabi_uldivmod.o)
                0x08000250                __aeabi_uldivmod
 .text          0x08000280      0x2f8 C:/ST/STM32CubeIDE_1.19.0/STM32CubeIDE/plugins/com.st.stm32cube.ide.mcu.externaltools.gnu-tools-for-stm32.13.3.rel1.win32_1.0.100.202509120712/tools/bin/../lib/gcc/arm-none-eabi/13.3.1/thumb/v7e-m/nofp\libgcc.a(_udivmoddi4.o)
                0x08000280                __udivmoddi4
 .text          0x08000578        0x4 C:/ST/STM32CubeIDE_1.19.0/STM32CubeIDE/plugins/com.st.stm32cube.ide.mcu.externaltools.gnu-tools-for-stm32.13.3.rel1.win32_1.0.100.202509120712/tools/bin/../lib/gcc/arm-none-eabi/13.3.1/thumb/v7e-m/nofp\libgcc.a(_dvmd_tls.o)
                0x08000578                __aeabi_idiv0
                0x08000578                __aeabi_ldiv0
 *(.text*)
 .text.LL_AHB2_GRP1_EnableClock
                0x0800057c       0x18 ./Core/Src/main.o
 .text.SystemClock_Config
                0x08000594       0x96 ./Core/Src/main.o
                0x08000594                SystemClock_Config
 *fill*         0x0800062a        0x2 
 .text.MX_ADC_Init
                0x0800062c       0x50 ./Core/Src/main.o
                0x0800062c                MX_ADC_Init
 .text.MX_RTC_Init
                0x0800067c       0x70 ./Core/Src/main.o
                0x0800067c                MX_RTC_Init
 .text.MX_SPI1_Init
                0x080006ec       0x4c ./Core/Src/main.o
                0x080006ec                MX_SPI1_Init
 .text.MX_SUBGHZ_Init
                0x08000738       0x18 ./Core/Src/main.o
                0x08000738                MX_SUBGHZ_Init
 .text.MX_USART1_UART_Init
                0x08000750       0x70 ./Core/Src/main.o
                0x08000750                MX_USART1_UART_Init
 .text.MX_DMA_Init
                0x080007c0       0x40 ./Core/Src/main.o
                0x080007c0                MX_DMA_Init
 .text.MX_GPIO_Init
                0x08000800      0x15c ./Core/Src/main.o
                0x08000800                MX_GPIO_Init
 .text.startup.main
                0x0800095c       0x30 ./Core/Src/main.o
                0x0800095c                main
 .text.Error_Handler
                0x0800098c        0x4 ./Core/Src/main.o
                0x0800098c                Error_Handler
 .text.PWR_EnterOffMode
                0x08000990        0x2 ./Core/Src/stm32_lpm_if.o
                0x08000990                PWR_EnterOffMode
 *fill*         0x08000992        0x2 
 .text.PWR_EnterStopMode
                0x08000994       0x44 ./Core/Src/stm32_lpm_if.o
                0x08000994                PWR_EnterStopMode
 .text.PWR_ExitSleepMode
                0x080009d8        0x4 ./Core/Src/stm32_lpm_if.o
                0x080009d8                PWR_ExitSleepMode
 .text.PWR_ExitStopMode
                0x080009dc       0x14 ./Core/Src/stm32_lpm_if.o
                0x080009dc                PWR_ExitStopMode
 .text.PWR_EnterSleepMode
                0x080009f0       0x12 ./Core/Src/stm32_lpm_if.o
                0x080009f0                PWR_EnterSleepMode
 .text.PWR_ExitOffMode
                0x08000a02        0x2 ./Core/Src/stm32_lpm_if.o
                0x08000a02                PWR_ExitOffMode
 .text.LL_APB2_GRP1_EnableClock
                0x08000a04       0x18 ./Core/Src/stm32wlxx_hal_msp.o
 .text.HAL_MspInit
                0x08000a1c        0x2 ./Core/Src/stm32wlxx_hal_msp.o
                0x08000a1c                HAL_MspInit
 *fill*         0x08000a1e        0x2 
 .text.HAL_ADC_MspInit
                0x08000a20       0x40 ./Core/Src/stm32wlxx_hal_msp.o
                0x08000a20                HAL_ADC_MspInit
 .text.HAL_ADC_MspDeInit
                0x08000a60       0x1c ./Core/Src/stm32wlxx_hal_msp.o
                0x08000a60                HAL_ADC_MspDeInit
 .text.HAL_RTC_MspInit
                0x08000a7c       0x7c ./Core/Src/stm32wlxx_hal_msp.o
                0x08000a7c                HAL_RTC_MspInit
 .text.HAL_SPI_MspInit
                0x08000af8       0x5c ./Core/Src/stm32wlxx_hal_msp.o
                0x08000af8                HAL_SPI_MspInit
 .text.HAL_SPI_MspDeInit
                0x08000b54       0x28 ./Core/Src/stm32wlxx_hal_msp.o
                0x08000b54                HAL_SPI_MspDeInit
 .text.HAL_SUBGHZ_MspInit
                0x08000b7c       0x2e ./Core/Src/stm32wlxx_hal_msp.o
                0x08000b7c                HAL_SUBGHZ_MspInit
 *fill*         0x08000baa        0x2 
 .text.HAL_UART_MspInit
                0x08000bac       0xc4 ./Core/Src/stm32wlxx_hal_msp.o
                0x08000bac                HAL_UART_MspInit
 .text.HAL_UART_MspDeInit
                0x08000c70       0x3c ./Core/Src/stm32wlxx_hal_msp.o
                0x08000c70                HAL_UART_MspDeInit
 .text.NMI_Handler
                0x08000cac        0x2 ./Core/Src/stm32wlxx_it.o
                0x08000cac                NMI_Handler
 .text.HardFault_Handler
                0x08000cae        0x2 ./Core/Src/stm32wlxx_it.o
                0x08000cae                HardFault_Handler
 .text.MemManage_Handler
                0x08000cb0        0x2 ./Core/Src/stm32wlxx_it.o
                0x08000cb0                MemManage_Handler
 .text.BusFault_Handler
                0x08000cb2        0x2 ./Core/Src/stm32wlxx_it.o
                0x08000cb2                BusFault_Handler
 .text.UsageFault_Handler
                0x08000cb4        0x2 ./Core/Src/stm32wlxx_it.o
                0x08000cb4                UsageFault_Handler
 .text.SVC_Handler
                0x08000cb6        0x2 ./Core/Src/stm32wlxx_it.o
                0x08000cb6                SVC_Handler
 .text.DebugMon_Handler
                0x08000cb8        0x2 ./Core/Src/stm32wlxx_it.o
                0x08000cb8                DebugMon_Handler
 .text.PendSV_Handler
                0x08000cba        0x2 ./Core/Src/stm32wlxx_it.o
                0x08000cba                PendSV_Handler
 .text.SysTick_Handler
                0x08000cbc        0x4 ./Core/Src/stm32wlxx_it.o
                0x08000cbc                SysTick_Handler
 .text.TAMP_STAMP_LSECSS_SSRU_IRQHandler
                0x08000cc0        0xc ./Core/Src/stm32wlxx_it.o
                0x08000cc0                TAMP_STAMP_LSECSS_SSRU_IRQHandler
 .text.EXTI0_IRQHandler
                0x08000ccc        0x6 ./Core/Src/stm32wlxx_it.o
                0x08000ccc                EXTI0_IRQHandler
 .text.EXTI1_IRQHandler
                0x08000cd2        0x6 ./Core/Src/stm32wlxx_it.o
                0x08000cd2                EXTI1_IRQHandler
 .text.DMA1_Channel2_IRQHandler
                0x08000cd8        0xc ./Core/Src/stm32wlxx_it.o
                0x08000cd8                DMA1_Channel2_IRQHandler
 .text.USART1_IRQHandler
                0x08000ce4        0xc ./Core/Src/stm32wlxx_it.o
                0x08000ce4                USART1_IRQHandler
 .text.EXTI15_10_IRQHandler
                0x08000cf0       0x16 ./Core/Src/stm32wlxx_it.o
                0x08000cf0                EXTI15_10_IRQHandler
 *fill*         0x08000d06        0x2 
 .text.RTC_Alarm_IRQHandler
                0x08000d08        0xc ./Core/Src/stm32wlxx_it.o
                0x08000d08                RTC_Alarm_IRQHandler
 .text.SUBGHZ_Radio_IRQHandler
                0x08000d14        0xc ./Core/Src/stm32wlxx_it.o
                0x08000d14                SUBGHZ_Radio_IRQHandler
 .text.tiny_snprintf_like.constprop.0
                0x08000d20       0x20 ./Core/Src/sys_app.o
 .text.TimestampNow
                0x08000d40       0x30 ./Core/Src/sys_app.o
 .text.SystemApp_Init
                0x08000d70       0x44 ./Core/Src/sys_app.o
                0x08000d70                SystemApp_Init
 .text.UTIL_SEQ_Idle
                0x08000db4        0x4 ./Core/Src/sys_app.o
                0x08000db4                UTIL_SEQ_Idle
 .text.UTIL_ADV_TRACE_PostSendHook
                0x08000db8        0x8 ./Core/Src/sys_app.o
                0x08000db8                UTIL_ADV_TRACE_PostSendHook
 .text.HAL_GetTick
                0x08000dc0       0x10 ./Core/Src/sys_app.o
                0x08000dc0                HAL_GetTick
 .text.HAL_Delay
                0x08000dd0        0xc ./Core/Src/sys_app.o
                0x08000dd0                HAL_Delay
 .text.DBG_Init
                0x08000ddc       0x12 ./Core/Src/sys_debug.o
                0x08000ddc                DBG_Init
 *fill*         0x08000dee        0x2 
 .text._sbrk    0x08000df0       0x40 ./Core/Src/sysmem.o
                0x08000df0                _sbrk
 .text.SystemInit
                0x08000e30        0x2 ./Core/Src/system_stm32wlxx.o
                0x08000e30                SystemInit
 *fill*         0x08000e32        0x2 
 .text.TIMER_IF_GetTimerContext
                0x08000e34        0xc ./Core/Src/timer_if.o
                0x08000e34                TIMER_IF_GetTimerContext
 .text.TIMER_IF_GetMinimumTimeout
                0x08000e40        0x4 ./Core/Src/timer_if.o
                0x08000e40                TIMER_IF_GetMinimumTimeout
 .text.TIMER_IF_Convert_ms2Tick
                0x08000e44       0x14 ./Core/Src/timer_if.o
                0x08000e44                TIMER_IF_Convert_ms2Tick
 .text.TIMER_IF_Convert_Tick2ms
                0x08000e58       0x10 ./Core/Src/timer_if.o
                0x08000e58                TIMER_IF_Convert_Tick2ms
 .text.GetTimerTicks
                0x08000e68       0x14 ./Core/Src/timer_if.o
 .text.TIMER_IF_SetTimerContext
                0x08000e7c       0x10 ./Core/Src/timer_if.o
                0x08000e7c                TIMER_IF_SetTimerContext
 .text.TIMER_IF_GetTimerElapsedTime
                0x08000e8c       0x14 ./Core/Src/timer_if.o
                0x08000e8c                TIMER_IF_GetTimerElapsedTime
 .text.TIMER_IF_GetTimerValue
                0x08000ea0       0x10 ./Core/Src/timer_if.o
                0x08000ea0                TIMER_IF_GetTimerValue
 .text.TIMER_IF_StopTimer
                0x08000eb0       0x28 ./Core/Src/timer_if.o
                0x08000eb0                TIMER_IF_StopTimer
 .text.TIMER_IF_BkUp_Write_Seconds
                0x08000ed8       0x10 ./Core/Src/timer_if.o
                0x08000ed8                TIMER_IF_BkUp_Write_Seconds
 .text.TIMER_IF_BkUp_Write_SubSeconds
                0x08000ee8       0x10 ./Core/Src/timer_if.o
                0x08000ee8                TIMER_IF_BkUp_Write_SubSeconds
 .text.TIMER_IF_StartTimer
                0x08000ef8       0x50 ./Core/Src/timer_if.o
                0x08000ef8                TIMER_IF_StartTimer
 .text.TIMER_IF_GetTime
                0x08000f48       0x30 ./Core/Src/timer_if.o
                0x08000f48                TIMER_IF_GetTime
 .text.TIMER_IF_BkUp_Read_Seconds
                0x08000f78        0xc ./Core/Src/timer_if.o
                0x08000f78                TIMER_IF_BkUp_Read_Seconds
 .text.TIMER_IF_BkUp_Read_SubSeconds
                0x08000f84        0xc ./Core/Src/timer_if.o
                0x08000f84                TIMER_IF_BkUp_Read_SubSeconds
 .text.TIMER_IF_Init
                0x08000f90       0x58 ./Core/Src/timer_if.o
                0x08000f90                TIMER_IF_Init
 .text.TIMER_IF_ClearAlarmWakeupFlags
                0x08000fe8        0xc ./Core/Src/timer_if.o
                0x08000fe8                TIMER_IF_ClearAlarmWakeupFlags
 .text.TIMER_IF_DelayMs
                0x08000ff4       0x2a ./Core/Src/timer_if.o
                0x08000ff4                TIMER_IF_DelayMs
 *fill*         0x0800101e        0x2 
 .text.HAL_RTC_AlarmAEventCallback
                0x08001020       0x10 ./Core/Src/timer_if.o
                0x08001020                HAL_RTC_AlarmAEventCallback
 .text.HAL_RTCEx_SSRUEventCallback
                0x08001030       0x20 ./Core/Src/timer_if.o
                0x08001030                HAL_RTCEx_SSRUEventCallback
 .text.vcom_Trace_DMA
                0x08001050       0x14 ./Core/Src/usart_if.o
                0x08001050                vcom_Trace_DMA
 .text.vcom_ReceiveInit
                0x08001064       0x4c ./Core/Src/usart_if.o
                0x08001064                vcom_ReceiveInit
 .text.vcom_Init
                0x080010b0       0x28 ./Core/Src/usart_if.o
                0x080010b0                vcom_Init
 .text.vcom_DeInit
                0x080010d8       0x2c ./Core/Src/usart_if.o
                0x080010d8                vcom_DeInit
 .text.HAL_UART_TxCpltCallback
                0x08001104       0x1c ./Core/Src/usart_if.o
                0x08001104                HAL_UART_TxCpltCallback
 .text.HAL_UART_RxCpltCallback
                0x08001120        0x4 ./Core/Src/usart_if.o
                0x08001120                HAL_UART_RxCpltCallback
 .text.Reset_Handler
                0x08001124       0x50 ./Core/Startup/startup_stm32wle5ccux.o
                0x08001124                Reset_Handler
 .text.Default_Handler
                0x08001174        0x2 ./Core/Startup/startup_stm32wle5ccux.o
                0x08001174                EXTI2_IRQHandler
                0x08001174                TIM1_CC_IRQHandler
                0x08001174                EXTI3_IRQHandler
                0x08001174                LPTIM2_IRQHandler
                0x08001174                I2C3_ER_IRQHandler
                0x08001174                LPTIM3_IRQHandler
                0x08001174                I2C2_EV_IRQHandler
                0x08001174                SPI1_IRQHandler
                0x08001174                DMA2_Channel2_IRQHandler
                0x08001174                DMA1_Channel4_IRQHandler
                0x08001174                PKA_IRQHandler
                0x08001174                TIM17_IRQHandler
                0x08001174                DMA1_Channel7_IRQHandler
                0x08001174                SUBGHZSPI_IRQHandler
                0x08001174                DMA2_Channel1_IRQHandler
                0x08001174                I2C1_EV_IRQHandler
                0x08001174                DMAMUX1_OVR_IRQHandler
                0x08001174                DMA1_Channel6_IRQHandler
                0x08001174                TIM16_IRQHandler
                0x08001174                DMA2_Channel4_IRQHandler
                0x08001174                RCC_IRQHandler
                0x08001174                TIM1_TRG_COM_IRQHandler
                0x08001174                DMA1_Channel1_IRQHandler
                0x08001174                Default_Handler
                0x08001174                DMA2_Channel7_IRQHandler
                0x08001174                ADC_IRQHandler
                0x08001174                I2C3_EV_IRQHandler
                0x08001174                EXTI9_5_IRQHandler
                0x08001174                RTC_WKUP_IRQHandler
                0x08001174                PVD_PVM_IRQHandler
                0x08001174                SPI2_IRQHandler
                0x08001174                DMA2_Channel5_IRQHandler
                0x08001174                DMA1_Channel5_IRQHandler
                0x08001174                EXTI4_IRQHandler
                0x08001174                RNG_IRQHandler
                0x08001174                DMA1_Channel3_IRQHandler
                0x08001174                COMP_IRQHandler
                0x08001174                HSEM_IRQHandler
                0x08001174                TIM1_UP_IRQHandler
                0x08001174                WWDG_IRQHandler
                0x08001174                LPUART1_IRQHandler
                0x08001174                DMA2_Channel6_IRQHandler
                0x08001174                TIM2_IRQHandler
                0x08001174                TIM1_BRK_IRQHandler
                0x08001174                DAC_IRQHandler
                0x08001174                AES_IRQHandler
                0x08001174                USART2_IRQHandler
                0x08001174                I2C2_ER_IRQHandler
                0x08001174                FLASH_IRQHandler
                0x08001174                I2C1_ER_IRQHandler
                0x08001174                LPTIM1_IRQHandler
                0x08001174                DMA2_Channel3_IRQHandler
 *fill*         0x08001176        0x2 
 .text.prv_scale_signed_axis_to_u16
                0x08001178       0x2c ./Core/nui/nd_app.o
 .text.prv_radio_ready_for_tx
                0x080011a4       0x18 ./Core/nui/nd_app.o
 .text.prv_clear_saved_ble_timeout_for_sync
                0x080011bc       0x14 ./Core/nui/nd_app.o
 .text.prv_sensor_xyz_valid
                0x080011d0       0x20 ./Core/nui/nd_app.o
 .text.prv_build_effective_sensor_mask
                0x080011f0       0x2a ./Core/nui/nd_app.o
 .text.prv_next_event_centi
                0x0800121a       0x40 ./Core/nui/nd_app.o
 *fill*         0x0800125a        0x2 
 .text.prv_advance_unsync_backoff
                0x0800125c       0x14 ./Core/nui/nd_app.o
 .text.prv_refresh_mode_from_config
                0x08001270       0x1c ./Core/nui/nd_app.o
 .text.prv_is_two_minute_mode_active
                0x0800128c       0x14 ./Core/nui/nd_app.o
 .text.prv_get_beacon_early_wake_ms
                0x080012a0       0x3c ./Core/nui/nd_app.o
 .text.prv_get_tx_base_offset_sec
                0x080012dc       0x1c ./Core/nui/nd_app.o
 .text.prv_hold_ble_for_sync
                0x080012f8       0x12 ./Core/nui/nd_app.o
 *fill*         0x0800130a        0x2 
 .text.prv_clear_pending_runtime_rx_events
                0x0800130c       0x28 ./Core/nui/nd_app.o
 .text.prv_stop_sensor_and_tx_timers
                0x08001334       0x30 ./Core/nui/nd_app.o
 .text.prv_start_tx_watchdog
                0x08001364       0x24 ./Core/nui/nd_app.o
 .text.prv_apply_setting_ascii
                0x08001388       0x58 ./Core/nui/nd_app.o
 .text.prv_request_stop_mode
                0x080013e0       0x18 ./Core/nui/nd_app.o
 .text.prv_tmr_test_session_cb
                0x080013f8       0x18 ./Core/nui/nd_app.o
 .text.prv_tmr_tx_watchdog_cb
                0x08001410       0x18 ./Core/nui/nd_app.o
 .text.prv_tmr_tx_cb
                0x08001428       0x18 ./Core/nui/nd_app.o
 .text.prv_tmr_sensor_cb
                0x08001440       0x18 ./Core/nui/nd_app.o
 .text.prv_tmr_reminder_cb
                0x08001458       0x18 ./Core/nui/nd_app.o
 .text.prv_tmr_beacon_cb
                0x08001470       0x18 ./Core/nui/nd_app.o
 .text.prv_tmr_boot_cb
                0x08001488       0x18 ./Core/nui/nd_app.o
 .text.prv_calc_sync_anchor_crc
                0x080014a0       0x36 ./Core/nui/nd_app.o
 *fill*         0x080014d6        0x2 
 .text.prv_start_beacon_rx
                0x080014d8       0x78 ./Core/nui/nd_app.o
 .text.prv_restart_current_rx_window
                0x08001550       0x48 ./Core/nui/nd_app.o
 .text.prv_get_beacon_interval_sec
                0x08001598       0x20 ./Core/nui/nd_app.o
 .text.prv_get_unsync_backoff_sec
                0x080015b8       0x2c ./Core/nui/nd_app.o
 .text.prv_get_runtime_cycle_sec
                0x080015e4       0x64 ./Core/nui/nd_app.o
 .text.prv_get_next_predicted_beacon_centi
                0x08001648       0x68 ./Core/nui/nd_app.o
 .text.prv_led1
                0x080016b0       0x1c ./Core/nui/nd_app.o
 .text.prv_led1_pulse_off_cb
                0x080016cc        0x6 ./Core/nui/nd_app.o
 .text.prv_boot_beacon_leds
                0x080016d2       0x34 ./Core/nui/nd_app.o
 *fill*         0x08001706        0x2 
 .text.prv_boot_led_blink_stop
                0x08001708       0x28 ./Core/nui/nd_app.o
 .text.prv_boot_led_blink_start
                0x08001730       0x38 ./Core/nui/nd_app.o
 .text.prv_send_sync_status
                0x08001768       0x1e ./Core/nui/nd_app.o
 *fill*         0x08001786        0x2 
 .text.prv_tmr_boot_led_blink_cb
                0x08001788       0x48 ./Core/nui/nd_app.o
 .text.prv_request_stop_mode_if_possible
                0x080017d0       0x2c ./Core/nui/nd_app.o
 .text.prv_enter_unsynced_idle
                0x080017fc       0x6c ./Core/nui/nd_app.o
 .text.prv_schedule_unsync_search_scan
                0x08001868       0x30 ./Core/nui/nd_app.o
 .text.prv_schedule_short_tx_retry
                0x08001898       0x7c ./Core/nui/nd_app.o
 .text.prv_reschedule_main_if_pending
                0x08001914       0x18 ./Core/nui/nd_app.o
 .text.prv_abort_active_radio_for_ble
                0x0800192c       0x64 ./Core/nui/nd_app.o
 .text.prv_schedule_sensor_and_tx
                0x08001990       0xdc ./Core/nui/nd_app.o
 .text.prv_enter_unsync_search
                0x08001a6c       0xa8 ./Core/nui/nd_app.o
 .text.prv_note_main_beacon_miss
                0x08001b14       0x98 ./Core/nui/nd_app.o
 .text.prv_set_invalid_sensor_result.part.0
                0x08001bac       0x18 ./Core/nui/nd_app.o
 .text.prv_sensor_result_has_any_valid.constprop.0
                0x08001bc4       0x48 ./Core/nui/nd_app.o
 .text.prv_build_verified_node_payload.constprop.0
                0x08001c0c      0x22c ./Core/nui/nd_app.o
 .text.prv_merge_sensor_result.part.0
                0x08001e38       0x6e ./Core/nui/nd_app.o
 *fill*         0x08001ea6        0x2 
 .text.prv_continue_boot_listen_or_schedule
                0x08001ea8      0x1dc ./Core/nui/nd_app.o
 .text.prv_resume_schedule_after_boot_search
                0x08002084      0x10c ./Core/nui/nd_app.o
 .text.prv_schedule_short_boot_retry
                0x08002190       0x44 ./Core/nui/nd_app.o
 .text.prv_begin_boot_listen
                0x080021d4       0x68 ./Core/nui/nd_app.o
 .text.prv_resume_runtime_after_sync_completion
                0x0800223c       0x60 ./Core/nui/nd_app.o
 .text.prv_refresh_runtime_timers_after_tx
                0x0800229c       0x30 ./Core/nui/nd_app.o
 .text.prv_force_tx_recovery
                0x080022cc       0x40 ./Core/nui/nd_app.o
 .text.UI_Hook_OnTestStartRequested
                0x0800230c      0x148 ./Core/nui/nd_app.o
                0x0800230c                UI_Hook_OnTestStartRequested
 .text.UI_Hook_OnSyncRequested
                0x08002454       0x78 ./Core/nui/nd_app.o
                0x08002454                UI_Hook_OnSyncRequested
 .text.ND_App_StopBeaconSearchAndEnterStop
                0x080024cc       0x78 ./Core/nui/nd_app.o
                0x080024cc                ND_App_StopBeaconSearchAndEnterStop
 .text.ND_App_OnBleSessionStart
                0x08002544       0x88 ./Core/nui/nd_app.o
                0x08002544                ND_App_OnBleSessionStart
 .text.ND_App_OnBleSessionEnd
                0x080025cc       0xa0 ./Core/nui/nd_app.o
                0x080025cc                ND_App_OnBleSessionEnd
 .text.ND_App_Process
                0x0800266c      0x770 ./Core/nui/nd_app.o
                0x0800266c                ND_App_Process
 .text.ND_App_Init
                0x08002ddc      0x1cc ./Core/nui/nd_app.o
                0x08002ddc                ND_App_Init
 .text.ND_Radio_OnTxDone
                0x08002fa8       0x94 ./Core/nui/nd_app.o
                0x08002fa8                ND_Radio_OnTxDone
 .text.ND_Radio_OnTxTimeout
                0x0800303c       0x9c ./Core/nui/nd_app.o
                0x0800303c                ND_Radio_OnTxTimeout
 .text.ND_Radio_OnRxDone
                0x080030d8      0x204 ./Core/nui/nd_app.o
                0x080030d8                ND_Radio_OnRxDone
 .text.ND_Radio_OnRxTimeout
                0x080032dc       0x70 ./Core/nui/nd_app.o
                0x080032dc                ND_Radio_OnRxTimeout
 .text.ND_Radio_OnRxError
                0x0800334c       0x7c ./Core/nui/nd_app.o
                0x0800334c                ND_Radio_OnRxError
 .text.prv_adc_read_internal
                0x080033c8       0x50 ./Core/nui/nd_sensors.o
 .text.prv_icm_cs
                0x08003418       0x14 ./Core/nui/nd_sensors.o
 .text.prv_icm_spi_write
                0x0800342c       0x34 ./Core/nui/nd_sensors.o
 .text.prv_icm_spi_read
                0x08003460       0x4c ./Core/nui/nd_sensors.o
 .text.prv_trimmed_mean_u16.part.0
                0x080034ac       0x5a ./Core/nui/nd_sensors.o
 .text.prv_trimmed_mean_i16.constprop.0
                0x08003506       0x46 ./Core/nui/nd_sensors.o
 .text.ND_Sensors_MeasureAll
                0x0800354c      0x3ac ./Core/nui/nd_sensors.o
                0x0800354c                ND_Sensors_MeasureAll
 .text.prv_tmr_uart_init_cb
                0x080038f8       0x18 ./Core/nui/ui_ble.o
 .text.prv_tmr_timeout_cb
                0x08003910       0x18 ./Core/nui/ui_ble.o
 .text.prv_led_schedule_next
                0x08003928       0x30 ./Core/nui/ui_ble.o
 .text.prv_hw_set_bt
                0x08003958       0x10 ./Core/nui/ui_ble.o
 .text.prv_hw_set_led0
                0x08003968        0xc ./Core/nui/ui_ble.o
 .text.prv_serial_init_after_ble_delay
                0x08003974       0x58 ./Core/nui/ui_ble.o
 .text.prv_tmr_led_cb
                0x080039cc       0x3c ./Core/nui/ui_ble.o
 .text.UI_BLE_Init
                0x08003a08       0xa4 ./Core/nui/ui_ble.o
                0x08003a08                UI_BLE_Init
 .text.UI_BLE_EnableForMs
                0x08003aac       0x94 ./Core/nui/ui_ble.o
                0x08003aac                UI_BLE_EnableForMs
 .text.UI_BLE_ApplyDeviceName
                0x08003b40       0x48 ./Core/nui/ui_ble.o
                0x08003b40                UI_BLE_ApplyDeviceName
 .text.UI_BLE_ExtendMs
                0x08003b88       0x10 ./Core/nui/ui_ble.o
                0x08003b88                UI_BLE_ExtendMs
 .text.UI_BLE_GetRemainingMs
                0x08003b98       0x40 ./Core/nui/ui_ble.o
                0x08003b98                UI_BLE_GetRemainingMs
 .text.UI_BLE_Disable
                0x08003bd8       0x68 ./Core/nui/ui_ble.o
                0x08003bd8                UI_BLE_Disable
 .text.UI_BLE_IsActive
                0x08003c40        0xc ./Core/nui/ui_ble.o
                0x08003c40                UI_BLE_IsActive
 .text.UI_BLE_RequestStopNow
                0x08003c4c       0x18 ./Core/nui/ui_ble.o
                0x08003c4c                UI_BLE_RequestStopNow
 .text.UI_BLE_EnsureSerialReady
                0x08003c64       0x48 ./Core/nui/ui_ble.o
                0x08003c64                UI_BLE_EnsureSerialReady
 .text.UI_BLE_Process
                0x08003cac      0x110 ./Core/nui/ui_ble.o
                0x08003cac                UI_BLE_Process
 .text.UI_Hook_OnBleEndRequested
                0x08003dbc        0x4 ./Core/nui/ui_ble.o
                0x08003dbc                UI_Hook_OnBleEndRequested
 .text.prv_skip_spaces
                0x08003dc0       0x18 ./Core/nui/ui_cmd.o
 .text.prv_rstrip
                0x08003dd8       0x34 ./Core/nui/ui_cmd.o
 .text.prv_send_ok
                0x08003e0c        0xc ./Core/nui/ui_cmd.o
 .text.prv_send_error
                0x08003e18        0xc ./Core/nui/ui_cmd.o
 .text.prv_cmd_equals_relaxed
                0x08003e24       0x64 ./Core/nui/ui_cmd.o
 .text.prv_parse_u8_dec.constprop.0
                0x08003e88       0x38 ./Core/nui/ui_cmd.o
 .text.UI_Hook_OnConfigChanged
                0x08003ec0        0x2 ./Core/nui/ui_cmd.o
                0x08003ec0                UI_Hook_OnConfigChanged
 .text.prv_commit_config_changed
                0x08003ec2       0x1c ./Core/nui/ui_cmd.o
 .text.prv_commit_sensor_mask.isra.0
                0x08003ede        0xe ./Core/nui/ui_cmd.o
 .text.UI_Hook_OnTimeChanged
                0x08003eec        0x2 ./Core/nui/ui_cmd.o
                0x08003eec                UI_Hook_OnTimeChanged
 *fill*         0x08003eee        0x2 
 .text.UI_Cmd_ProcessLine
                0x08003ef0      0x39c ./Core/nui/ui_cmd.o
                0x08003ef0                UI_Cmd_ProcessLine
 .text.prv_sanitize_cfg
                0x0800428c       0x88 ./Core/nui/ui_config.o
 .text.prv_load_from_flash
                0x08004314       0x70 ./Core/nui/ui_config.o
 .text.UI_GetConfig
                0x08004384       0x6c ./Core/nui/ui_config.o
                0x08004384                UI_GetConfig
 .text.UI_Config_Save
                0x080043f0       0xc8 ./Core/nui/ui_config.o
                0x080043f0                UI_Config_Save
 .text.UI_SetNetId
                0x080044b8       0x28 ./Core/nui/ui_config.o
                0x080044b8                UI_SetNetId
 .text.UI_SetNodeNum
                0x080044e0       0x10 ./Core/nui/ui_config.o
                0x080044e0                UI_SetNodeNum
 .text.UI_SetSensorEnableMask
                0x080044f0       0x10 ./Core/nui/ui_config.o
                0x080044f0                UI_SetSensorEnableMask
 .text.UI_SetSetting
                0x08004500       0x38 ./Core/nui/ui_config.o
                0x08004500                UI_SetSetting
 .text.prv_cmdrx_reset
                0x08004538       0x14 ./Core/nui/ui_core.o
 .text.UI_TaskMain
                0x0800454c       0xf0 ./Core/nui/ui_core.o
 .text.UI_Core_ClearFlagsBeforeStop
                0x0800463c        0x4 ./Core/nui/ui_core.o
                0x0800463c                UI_Core_ClearFlagsBeforeStop
 .text.UI_Init  0x08004640       0x38 ./Core/nui/ui_core.o
                0x08004640                UI_Init
 .text.UI_CRC16_CCITT
                0x08004678       0x34 ./Core/nui/ui_crc16.o
                0x08004678                UI_CRC16_CCITT
 .text.UI_GPIO_Init
                0x080046ac       0x24 ./Core/nui/ui_gpio.o
                0x080046ac                UI_GPIO_Init
 .text.UI_GPIO_ExtiCallback
                0x080046d0       0x78 ./Core/nui/ui_gpio.o
                0x080046d0                UI_GPIO_ExtiCallback
 .text.UI_GPIO_FetchEvents
                0x08004748       0x10 ./Core/nui/ui_gpio.o
                0x08004748                UI_GPIO_FetchEvents
 .text.UI_GPIO_ClearEvents
                0x08004758        0xc ./Core/nui/ui_gpio.o
                0x08004758                UI_GPIO_ClearEvents
 .text.UI_GPIO_GetPulseCount
                0x08004764        0xc ./Core/nui/ui_gpio.o
                0x08004764                UI_GPIO_GetPulseCount
 .text.HAL_UART_ErrorCallback
                0x08004770        0x4 ./Core/nui/ui_hal_callbacks.o
                0x08004770                HAL_UART_ErrorCallback
 .text.HAL_GPIO_EXTI_Callback
                0x08004774        0x4 ./Core/nui/ui_hal_callbacks.o
                0x08004774                HAL_GPIO_EXTI_Callback
 .text.LL_AHB2_GRP1_EnableClock
                0x08004778       0x18 ./Core/nui/ui_lpm.o
 .text.prv_set_gpio_analog
                0x08004790       0x1e ./Core/nui/ui_lpm.o
 .text.prv_restore_gpio_output
                0x080047ae       0x38 ./Core/nui/ui_lpm.o
 .text.UI_LPM_Init
                0x080047e6        0x8 ./Core/nui/ui_lpm.o
                0x080047e6                UI_LPM_Init
 *fill*         0x080047ee        0x2 
 .text.UI_LPM_LockStop
                0x080047f0       0x14 ./Core/nui/ui_lpm.o
                0x080047f0                UI_LPM_LockStop
 .text.UI_LPM_UnlockStop
                0x08004804       0x1c ./Core/nui/ui_lpm.o
                0x08004804                UI_LPM_UnlockStop
 .text.UI_LPM_BeforeStop_DeInitPeripherals
                0x08004820      0x234 ./Core/nui/ui_lpm.o
                0x08004820                UI_LPM_BeforeStop_DeInitPeripherals
 .text.UI_LPM_AfterStop_ReInitPeripherals
                0x08004a54      0x10c ./Core/nui/ui_lpm.o
                0x08004a54                UI_LPM_AfterStop_ReInitPeripherals
 .text.UI_LPM_EnterStopNow
                0x08004b60       0x10 ./Core/nui/ui_lpm.o
                0x08004b60                UI_LPM_EnterStopNow
 .text.UI_Pkt_ParseBeacon
                0x08004b70      0x10a ./Core/nui/ui_packets.o
                0x08004b70                UI_Pkt_ParseBeacon
 .text.UI_Pkt_BuildNodeData
                0x08004c7a      0x160 ./Core/nui/ui_packets.o
                0x08004c7a                UI_Pkt_BuildNodeData
 .text.UI_Pkt_ParseNodeData
                0x08004dda      0x150 ./Core/nui/ui_packets.o
                0x08004dda                UI_Pkt_ParseNodeData
 *fill*         0x08004f2a        0x2 
 .text.prv_prepare_common
                0x08004f2c       0x44 ./Core/nui/ui_radio.o
 .text.UI_Radio_PrepareTx
                0x08004f70       0x4c ./Core/nui/ui_radio.o
                0x08004f70                UI_Radio_PrepareTx
 .text.UI_Radio_PrepareRx
                0x08004fbc       0x4c ./Core/nui/ui_radio.o
                0x08004fbc                UI_Radio_PrepareRx
 .text.UI_Radio_MarkRecoverNeeded
                0x08005008        0xc ./Core/nui/ui_radio.o
                0x08005008                UI_Radio_MarkRecoverNeeded
 .text.UI_RF_GetBeaconFreqHz
                0x08005014        0x8 ./Core/nui/ui_rf_plan_kr920.o
                0x08005014                UI_RF_GetBeaconFreqHz
 .text.UI_RF_GetDataFreqHz
                0x0800501c       0x24 ./Core/nui/ui_rf_plan_kr920.o
                0x0800501c                UI_RF_GetDataFreqHz
 .text.UI_RingBuf_Init
                0x08005040        0xc ./Core/nui/ui_ringbuf.o
                0x08005040                UI_RingBuf_Init
 .text.UI_RingBuf_Push
                0x0800504c       0x2c ./Core/nui/ui_ringbuf.o
                0x0800504c                UI_RingBuf_Push
 .text.UI_RingBuf_Pop
                0x08005078       0x2e ./Core/nui/ui_ringbuf.o
                0x08005078                UI_RingBuf_Pop
 .text.prv_is_leap
                0x080050a6       0x30 ./Core/nui/ui_time.o
 *fill*         0x080050d6        0x2 
 .text.prv_bkp_write
                0x080050d8       0x40 ./Core/nui/ui_time.o
 .text.prv_days_in_month
                0x08005118       0x28 ./Core/nui/ui_time.o
 .text.UI_Time_Epoch2016_FromCalendar
                0x08005140       0x6c ./Core/nui/ui_time.o
                0x08005140                UI_Time_Epoch2016_FromCalendar
 .text.UI_Time_Epoch2016_ToCalendar
                0x080051ac       0x6c ./Core/nui/ui_time.o
                0x080051ac                UI_Time_Epoch2016_ToCalendar
 .text.UI_Time_Init
                0x08005218       0x98 ./Core/nui/ui_time.o
                0x08005218                UI_Time_Init
 .text.UI_Time_NowCenti2016
                0x080052b0       0x5c ./Core/nui/ui_time.o
                0x080052b0                UI_Time_NowCenti2016
 .text.UI_Time_NowSec2016
                0x0800530c       0x10 ./Core/nui/ui_time.o
                0x0800530c                UI_Time_NowSec2016
 .text.UI_Time_IsValid
                0x0800531c        0xc ./Core/nui/ui_time.o
                0x0800531c                UI_Time_IsValid
 .text.UI_Time_SetEpochCenti2016
                0x08005328       0x44 ./Core/nui/ui_time.o
                0x08005328                UI_Time_SetEpochCenti2016
 .text.UI_Time_SetFromString
                0x0800536c      0x110 ./Core/nui/ui_time.o
                0x0800536c                UI_Time_SetFromString
 .text.UI_Time_SaveToBackupNow
                0x0800547c       0x4c ./Core/nui/ui_time.o
                0x0800547c                UI_Time_SaveToBackupNow
 .text.UI_Time_FormatNow
                0x080054c8       0x60 ./Core/nui/ui_time.o
                0x080054c8                UI_Time_FormatNow
 .text.prv_uart1_is_inited
                0x08005528       0x1c ./Core/nui/ui_uart.o
 .text.prv_rx_idle_cb
                0x08005544        0x8 ./Core/nui/ui_uart.o
 .text.UI_UART_Init
                0x0800554c       0x34 ./Core/nui/ui_uart.o
                0x0800554c                UI_UART_Init
 .text.UI_UART_EnsureStarted
                0x08005580       0x28 ./Core/nui/ui_uart.o
                0x08005580                UI_UART_EnsureStarted
 .text.UI_UART_ReInit
                0x080055a8       0x3c ./Core/nui/ui_uart.o
                0x080055a8                UI_UART_ReInit
 .text.UI_UART_DeInitLowPower
                0x080055e4       0x24 ./Core/nui/ui_uart.o
                0x080055e4                UI_UART_DeInitLowPower
 .text.UI_UART_ResetRxBuffer
                0x08005608       0x2c ./Core/nui/ui_uart.o
                0x08005608                UI_UART_ResetRxBuffer
 .text.UI_UART_RxCpltCallback
                0x08005634       0x5c ./Core/nui/ui_uart.o
                0x08005634                UI_UART_RxCpltCallback
 .text.UI_UART_ErrorCallback
                0x08005690       0x18 ./Core/nui/ui_uart.o
                0x08005690                UI_UART_ErrorCallback
 .text.UI_UART_ReadByte
                0x080056a8        0xc ./Core/nui/ui_uart.o
                0x080056a8                UI_UART_ReadByte
 .text.UI_UART_SendBytes
                0x080056b4       0x24 ./Core/nui/ui_uart.o
                0x080056b4                UI_UART_SendBytes
 .text.UI_UART_SendString
                0x080056d8       0x18 ./Core/nui/ui_uart.o
                0x080056d8                UI_UART_SendString
 .text.UI_UART_GetLastRxMs
                0x080056f0        0xc ./Core/nui/ui_uart.o
                0x080056f0                UI_UART_GetLastRxMs
 .text.HAL_InitTick
                0x080056fc       0x4c ./Drivers/STM32WLxx_HAL_Driver/Src/stm32wlxx_hal.o
                0x080056fc                HAL_InitTick
 .text.HAL_Init
                0x08005748       0x2c ./Drivers/STM32WLxx_HAL_Driver/Src/stm32wlxx_hal.o
                0x08005748                HAL_Init
 .text.HAL_IncTick
                0x08005774       0x18 ./Drivers/STM32WLxx_HAL_Driver/Src/stm32wlxx_hal.o
                0x08005774                HAL_IncTick
 .text.HAL_SuspendTick
                0x0800578c        0xe ./Drivers/STM32WLxx_HAL_Driver/Src/stm32wlxx_hal.o
                0x0800578c                HAL_SuspendTick
 .text.HAL_ResumeTick
                0x0800579a        0xe ./Drivers/STM32WLxx_HAL_Driver/Src/stm32wlxx_hal.o
                0x0800579a                HAL_ResumeTick
 .text.HAL_DBGMCU_DisableDBGSleepMode
                0x080057a8       0x10 ./Drivers/STM32WLxx_HAL_Driver/Src/stm32wlxx_hal.o
                0x080057a8                HAL_DBGMCU_DisableDBGSleepMode
 .text.HAL_DBGMCU_DisableDBGStopMode
                0x080057b8       0x10 ./Drivers/STM32WLxx_HAL_Driver/Src/stm32wlxx_hal.o
                0x080057b8                HAL_DBGMCU_DisableDBGStopMode
 .text.HAL_DBGMCU_DisableDBGStandbyMode
                0x080057c8       0x10 ./Drivers/STM32WLxx_HAL_Driver/Src/stm32wlxx_hal.o
                0x080057c8                HAL_DBGMCU_DisableDBGStandbyMode
 .text.LL_ADC_REG_IsConversionOngoing
                0x080057d8        0x8 ./Drivers/STM32WLxx_HAL_Driver/Src/stm32wlxx_hal_adc.o
 .text.HAL_ADC_Init
                0x080057e0      0x200 ./Drivers/STM32WLxx_HAL_Driver/Src/stm32wlxx_hal_adc.o
                0x080057e0                HAL_ADC_Init
 .text.HAL_ADC_PollForConversion
                0x080059e0       0xb4 ./Drivers/STM32WLxx_HAL_Driver/Src/stm32wlxx_hal_adc.o
                0x080059e0                HAL_ADC_PollForConversion
 .text.HAL_ADC_GetValue
                0x08005a94        0x6 ./Drivers/STM32WLxx_HAL_Driver/Src/stm32wlxx_hal_adc.o
                0x08005a94                HAL_ADC_GetValue
 *fill*         0x08005a9a        0x2 
 .text.HAL_ADC_ConfigChannel
                0x08005a9c      0x1b0 ./Drivers/STM32WLxx_HAL_Driver/Src/stm32wlxx_hal_adc.o
                0x08005a9c                HAL_ADC_ConfigChannel
 .text.ADC_ConversionStop
                0x08005c4c       0x5c ./Drivers/STM32WLxx_HAL_Driver/Src/stm32wlxx_hal_adc.o
                0x08005c4c                ADC_ConversionStop
 .text.ADC_Enable
                0x08005ca8       0xb4 ./Drivers/STM32WLxx_HAL_Driver/Src/stm32wlxx_hal_adc.o
                0x08005ca8                ADC_Enable
 .text.HAL_ADC_Start
                0x08005d5c       0x5c ./Drivers/STM32WLxx_HAL_Driver/Src/stm32wlxx_hal_adc.o
                0x08005d5c                HAL_ADC_Start
 .text.ADC_Disable
                0x08005db8       0x68 ./Drivers/STM32WLxx_HAL_Driver/Src/stm32wlxx_hal_adc.o
                0x08005db8                ADC_Disable
 .text.HAL_ADC_DeInit
                0x08005e20       0xac ./Drivers/STM32WLxx_HAL_Driver/Src/stm32wlxx_hal_adc.o
                0x08005e20                HAL_ADC_DeInit
 .text.HAL_ADC_Stop
                0x08005ecc       0x3c ./Drivers/STM32WLxx_HAL_Driver/Src/stm32wlxx_hal_adc.o
                0x08005ecc                HAL_ADC_Stop
 .text.HAL_ADCEx_Calibration_Start
                0x08005f08      0x160 ./Drivers/STM32WLxx_HAL_Driver/Src/stm32wlxx_hal_adc_ex.o
                0x08005f08                HAL_ADCEx_Calibration_Start
 .text.HAL_NVIC_SetPriorityGrouping
                0x08006068       0x24 ./Drivers/STM32WLxx_HAL_Driver/Src/stm32wlxx_hal_cortex.o
                0x08006068                HAL_NVIC_SetPriorityGrouping
 .text.HAL_NVIC_SetPriority
                0x0800608c       0x64 ./Drivers/STM32WLxx_HAL_Driver/Src/stm32wlxx_hal_cortex.o
                0x0800608c                HAL_NVIC_SetPriority
 .text.HAL_NVIC_EnableIRQ
                0x080060f0       0x1c ./Drivers/STM32WLxx_HAL_Driver/Src/stm32wlxx_hal_cortex.o
                0x080060f0                HAL_NVIC_EnableIRQ
 .text.HAL_NVIC_DisableIRQ
                0x0800610c       0x24 ./Drivers/STM32WLxx_HAL_Driver/Src/stm32wlxx_hal_cortex.o
                0x0800610c                HAL_NVIC_DisableIRQ
 .text.HAL_SYSTICK_Config
                0x08006130       0x28 ./Drivers/STM32WLxx_HAL_Driver/Src/stm32wlxx_hal_cortex.o
                0x08006130                HAL_SYSTICK_Config
 .text.DMA_SetConfig
                0x08006158       0x34 ./Drivers/STM32WLxx_HAL_Driver/Src/stm32wlxx_hal_dma.o
 .text.DMA_CalcDMAMUXChannelBaseAndMask
                0x0800618c       0x4c ./Drivers/STM32WLxx_HAL_Driver/Src/stm32wlxx_hal_dma.o
 .text.HAL_DMA_Init
                0x080061d8       0xe0 ./Drivers/STM32WLxx_HAL_Driver/Src/stm32wlxx_hal_dma.o
                0x080061d8                HAL_DMA_Init
 .text.HAL_DMA_DeInit
                0x080062b8       0xac ./Drivers/STM32WLxx_HAL_Driver/Src/stm32wlxx_hal_dma.o
                0x080062b8                HAL_DMA_DeInit
 .text.HAL_DMA_Start_IT
                0x08006364       0x88 ./Drivers/STM32WLxx_HAL_Driver/Src/stm32wlxx_hal_dma.o
                0x08006364                HAL_DMA_Start_IT
 .text.HAL_DMA_Abort
                0x080063ec       0x6a ./Drivers/STM32WLxx_HAL_Driver/Src/stm32wlxx_hal_dma.o
                0x080063ec                HAL_DMA_Abort
 .text.HAL_DMA_Abort_IT
                0x08006456       0x6a ./Drivers/STM32WLxx_HAL_Driver/Src/stm32wlxx_hal_dma.o
                0x08006456                HAL_DMA_Abort_IT
 .text.HAL_DMA_IRQHandler
                0x080064c0       0xac ./Drivers/STM32WLxx_HAL_Driver/Src/stm32wlxx_hal_dma.o
                0x080064c0                HAL_DMA_IRQHandler
 .text.HAL_DMA_GetError
                0x0800656c        0x4 ./Drivers/STM32WLxx_HAL_Driver/Src/stm32wlxx_hal_dma.o
                0x0800656c                HAL_DMA_GetError
 .text.FLASH_Program_Fast
                0x08006570       0x30 ./Drivers/STM32WLxx_HAL_Driver/Src/stm32wlxx_hal_flash.o
 .text.HAL_FLASH_Unlock
                0x080065a0       0x24 ./Drivers/STM32WLxx_HAL_Driver/Src/stm32wlxx_hal_flash.o
                0x080065a0                HAL_FLASH_Unlock
 .text.HAL_FLASH_Lock
                0x080065c4       0x18 ./Drivers/STM32WLxx_HAL_Driver/Src/stm32wlxx_hal_flash.o
                0x080065c4                HAL_FLASH_Lock
 .text.FLASH_WaitForLastOperation
                0x080065dc       0x5c ./Drivers/STM32WLxx_HAL_Driver/Src/stm32wlxx_hal_flash.o
                0x080065dc                FLASH_WaitForLastOperation
 .text.HAL_FLASH_Program
                0x08006638       0x70 ./Drivers/STM32WLxx_HAL_Driver/Src/stm32wlxx_hal_flash.o
                0x08006638                HAL_FLASH_Program
 .text.FLASH_PageErase
                0x080066a8       0x1c ./Drivers/STM32WLxx_HAL_Driver/Src/stm32wlxx_hal_flash_ex.o
                0x080066a8                FLASH_PageErase
 .text.HAL_FLASHEx_Erase
                0x080066c4       0xe8 ./Drivers/STM32WLxx_HAL_Driver/Src/stm32wlxx_hal_flash_ex.o
                0x080066c4                HAL_FLASHEx_Erase
 .text.HAL_GPIO_Init
                0x080067ac      0x158 ./Drivers/STM32WLxx_HAL_Driver/Src/stm32wlxx_hal_gpio.o
                0x080067ac                HAL_GPIO_Init
 .text.HAL_GPIO_DeInit
                0x08006904       0xe8 ./Drivers/STM32WLxx_HAL_Driver/Src/stm32wlxx_hal_gpio.o
                0x08006904                HAL_GPIO_DeInit
 .text.HAL_GPIO_ReadPin
                0x080069ec        0xc ./Drivers/STM32WLxx_HAL_Driver/Src/stm32wlxx_hal_gpio.o
                0x080069ec                HAL_GPIO_ReadPin
 .text.HAL_GPIO_WritePin
                0x080069f8        0xa ./Drivers/STM32WLxx_HAL_Driver/Src/stm32wlxx_hal_gpio.o
                0x080069f8                HAL_GPIO_WritePin
 *fill*         0x08006a02        0x2 
 .text.HAL_GPIO_EXTI_IRQHandler
                0x08006a04       0x18 ./Drivers/STM32WLxx_HAL_Driver/Src/stm32wlxx_hal_gpio.o
                0x08006a04                HAL_GPIO_EXTI_IRQHandler
 .text.HAL_PWR_EnableBkUpAccess
                0x08006a1c       0x10 ./Drivers/STM32WLxx_HAL_Driver/Src/stm32wlxx_hal_pwr.o
                0x08006a1c                HAL_PWR_EnableBkUpAccess
 .text.HAL_PWR_EnterSLEEPMode
                0x08006a2c       0x40 ./Drivers/STM32WLxx_HAL_Driver/Src/stm32wlxx_hal_pwr.o
                0x08006a2c                HAL_PWR_EnterSLEEPMode
 .text.HAL_PWREx_GetVoltageRange
                0x08006a6c       0x10 ./Drivers/STM32WLxx_HAL_Driver/Src/stm32wlxx_hal_pwr_ex.o
                0x08006a6c                HAL_PWREx_GetVoltageRange
 .text.HAL_PWREx_EnableFlashPowerDown
                0x08006a7c       0x1c ./Drivers/STM32WLxx_HAL_Driver/Src/stm32wlxx_hal_pwr_ex.o
                0x08006a7c                HAL_PWREx_EnableFlashPowerDown
 .text.HAL_PWREx_EnableLowPowerRunMode
                0x08006a98       0x10 ./Drivers/STM32WLxx_HAL_Driver/Src/stm32wlxx_hal_pwr_ex.o
                0x08006a98                HAL_PWREx_EnableLowPowerRunMode
 .text.HAL_PWREx_DisableLowPowerRunMode
                0x08006aa8       0x40 ./Drivers/STM32WLxx_HAL_Driver/Src/stm32wlxx_hal_pwr_ex.o
                0x08006aa8                HAL_PWREx_DisableLowPowerRunMode
 .text.HAL_PWREx_EnterSTOP1Mode
                0x08006ae8       0x38 ./Drivers/STM32WLxx_HAL_Driver/Src/stm32wlxx_hal_pwr_ex.o
                0x08006ae8                HAL_PWREx_EnterSTOP1Mode
 .text.LL_RCC_HSE_IsReady
                0x08006b20        0xc ./Drivers/STM32WLxx_HAL_Driver/Src/stm32wlxx_hal_rcc.o
 .text.LL_RCC_MSI_IsReady
                0x08006b2c        0xc ./Drivers/STM32WLxx_HAL_Driver/Src/stm32wlxx_hal_rcc.o
 .text.LL_RCC_MSI_SetCalibTrimming
                0x08006b38       0x12 ./Drivers/STM32WLxx_HAL_Driver/Src/stm32wlxx_hal_rcc.o
 .text.LL_RCC_PLL_IsReady
                0x08006b4a        0xc ./Drivers/STM32WLxx_HAL_Driver/Src/stm32wlxx_hal_rcc.o
 *fill*         0x08006b56        0x2 
 .text.RCC_SetFlashLatencyFromMSIRange
                0x08006b58       0xd4 ./Drivers/STM32WLxx_HAL_Driver/Src/stm32wlxx_hal_rcc.o
 .text.HAL_RCC_GetSysClockFreq
                0x08006c2c       0xdc ./Drivers/STM32WLxx_HAL_Driver/Src/stm32wlxx_hal_rcc.o
                0x08006c2c                HAL_RCC_GetSysClockFreq
 .text.HAL_RCC_GetHCLKFreq
                0x08006d08       0x20 ./Drivers/STM32WLxx_HAL_Driver/Src/stm32wlxx_hal_rcc.o
                0x08006d08                HAL_RCC_GetHCLKFreq
 .text.HAL_RCC_OscConfig
                0x08006d28      0x534 ./Drivers/STM32WLxx_HAL_Driver/Src/stm32wlxx_hal_rcc.o
                0x08006d28                HAL_RCC_OscConfig
 .text.HAL_RCC_ClockConfig
                0x0800725c      0x1c0 ./Drivers/STM32WLxx_HAL_Driver/Src/stm32wlxx_hal_rcc.o
                0x0800725c                HAL_RCC_ClockConfig
 .text.HAL_RCC_GetPCLK1Freq
                0x0800741c       0x20 ./Drivers/STM32WLxx_HAL_Driver/Src/stm32wlxx_hal_rcc.o
                0x0800741c                HAL_RCC_GetPCLK1Freq
 .text.HAL_RCC_GetPCLK2Freq
                0x0800743c       0x20 ./Drivers/STM32WLxx_HAL_Driver/Src/stm32wlxx_hal_rcc.o
                0x0800743c                HAL_RCC_GetPCLK2Freq
 .text.LL_RCC_LSE_IsReady
                0x0800745c        0xe ./Drivers/STM32WLxx_HAL_Driver/Src/stm32wlxx_hal_rcc_ex.o
 .text.LL_RCC_SetI2CClockSource
                0x0800746a       0x20 ./Drivers/STM32WLxx_HAL_Driver/Src/stm32wlxx_hal_rcc_ex.o
 .text.LL_RCC_SetLPTIMClockSource
                0x0800748a       0x1a ./Drivers/STM32WLxx_HAL_Driver/Src/stm32wlxx_hal_rcc_ex.o
 .text.HAL_RCCEx_PeriphCLKConfig
                0x080074a4      0x19c ./Drivers/STM32WLxx_HAL_Driver/Src/stm32wlxx_hal_rcc_ex.o
                0x080074a4                HAL_RCCEx_PeriphCLKConfig
 .text.HAL_RTC_DeactivateAlarm
                0x08007640       0x74 ./Drivers/STM32WLxx_HAL_Driver/Src/stm32wlxx_hal_rtc.o
                0x08007640                HAL_RTC_DeactivateAlarm
 .text.HAL_RTC_AlarmIRQHandler
                0x080076b4       0x34 ./Drivers/STM32WLxx_HAL_Driver/Src/stm32wlxx_hal_rtc.o
                0x080076b4                HAL_RTC_AlarmIRQHandler
 .text.HAL_RTC_WaitForSynchro
                0x080076e8       0x30 ./Drivers/STM32WLxx_HAL_Driver/Src/stm32wlxx_hal_rtc.o
                0x080076e8                HAL_RTC_WaitForSynchro
 .text.RTC_EnterInitMode
                0x08007718       0x4c ./Drivers/STM32WLxx_HAL_Driver/Src/stm32wlxx_hal_rtc.o
                0x08007718                RTC_EnterInitMode
 .text.RTC_ExitInitMode
                0x08007764       0x44 ./Drivers/STM32WLxx_HAL_Driver/Src/stm32wlxx_hal_rtc.o
                0x08007764                RTC_ExitInitMode
 .text.HAL_RTC_Init
                0x080077a8       0xb4 ./Drivers/STM32WLxx_HAL_Driver/Src/stm32wlxx_hal_rtc.o
                0x080077a8                HAL_RTC_Init
 .text.RTC_ByteToBcd2
                0x0800785c       0x16 ./Drivers/STM32WLxx_HAL_Driver/Src/stm32wlxx_hal_rtc.o
                0x0800785c                RTC_ByteToBcd2
 *fill*         0x08007872        0x2 
 .text.HAL_RTC_SetAlarm_IT
                0x08007874      0x15c ./Drivers/STM32WLxx_HAL_Driver/Src/stm32wlxx_hal_rtc.o
                0x08007874                HAL_RTC_SetAlarm_IT
 .text.HAL_RTCEx_EnableBypassShadow
                0x080079d0       0x3c ./Drivers/STM32WLxx_HAL_Driver/Src/stm32wlxx_hal_rtc_ex.o
                0x080079d0                HAL_RTCEx_EnableBypassShadow
 .text.HAL_RTCEx_SetSSRU_IT
                0x08007a0c       0x4c ./Drivers/STM32WLxx_HAL_Driver/Src/stm32wlxx_hal_rtc_ex.o
                0x08007a0c                HAL_RTCEx_SetSSRU_IT
 .text.HAL_RTCEx_SSRUIRQHandler
                0x08007a58       0x20 ./Drivers/STM32WLxx_HAL_Driver/Src/stm32wlxx_hal_rtc_ex.o
                0x08007a58                HAL_RTCEx_SSRUIRQHandler
 .text.HAL_RTCEx_AlarmBEventCallback
                0x08007a78        0x2 ./Drivers/STM32WLxx_HAL_Driver/Src/stm32wlxx_hal_rtc_ex.o
                0x08007a78                HAL_RTCEx_AlarmBEventCallback
 .text.HAL_RTCEx_BKUPWrite
                0x08007a7a        0xe ./Drivers/STM32WLxx_HAL_Driver/Src/stm32wlxx_hal_rtc_ex.o
                0x08007a7a                HAL_RTCEx_BKUPWrite
 .text.HAL_RTCEx_BKUPRead
                0x08007a88        0xe ./Drivers/STM32WLxx_HAL_Driver/Src/stm32wlxx_hal_rtc_ex.o
                0x08007a88                HAL_RTCEx_BKUPRead
 *fill*         0x08007a96        0x2 
 .text.SPI_WaitFlagStateUntilTimeout
                0x08007a98       0xb8 ./Drivers/STM32WLxx_HAL_Driver/Src/stm32wlxx_hal_spi.o
 .text.SPI_WaitFifoStateUntilTimeout
                0x08007b50       0xd4 ./Drivers/STM32WLxx_HAL_Driver/Src/stm32wlxx_hal_spi.o
 .text.SPI_EndRxTxTransaction
                0x08007c24       0x4e ./Drivers/STM32WLxx_HAL_Driver/Src/stm32wlxx_hal_spi.o
 .text.SPI_EndRxTransaction
                0x08007c72       0x76 ./Drivers/STM32WLxx_HAL_Driver/Src/stm32wlxx_hal_spi.o
 .text.SPI_AbortRx_ISR
                0x08007ce8       0x84 ./Drivers/STM32WLxx_HAL_Driver/Src/stm32wlxx_hal_spi.o
 .text.SPI_AbortTx_ISR
                0x08007d6c       0xe0 ./Drivers/STM32WLxx_HAL_Driver/Src/stm32wlxx_hal_spi.o
 .text.HAL_SPI_Init
                0x08007e4c      0x10a ./Drivers/STM32WLxx_HAL_Driver/Src/stm32wlxx_hal_spi.o
                0x08007e4c                HAL_SPI_Init
 .text.HAL_SPI_DeInit
                0x08007f56       0x2c ./Drivers/STM32WLxx_HAL_Driver/Src/stm32wlxx_hal_spi.o
                0x08007f56                HAL_SPI_DeInit
 .text.HAL_SPI_Transmit
                0x08007f82      0x1b6 ./Drivers/STM32WLxx_HAL_Driver/Src/stm32wlxx_hal_spi.o
                0x08007f82                HAL_SPI_Transmit
 .text.HAL_SPI_TransmitReceive
                0x08008138      0x3da ./Drivers/STM32WLxx_HAL_Driver/Src/stm32wlxx_hal_spi.o
                0x08008138                HAL_SPI_TransmitReceive
 .text.HAL_SPI_Receive
                0x08008512      0x240 ./Drivers/STM32WLxx_HAL_Driver/Src/stm32wlxx_hal_spi.o
                0x08008512                HAL_SPI_Receive
 *fill*         0x08008752        0x2 
 .text.HAL_SPI_Abort
                0x08008754      0x184 ./Drivers/STM32WLxx_HAL_Driver/Src/stm32wlxx_hal_spi.o
                0x08008754                HAL_SPI_Abort
 .text.LL_PWR_UnselectSUBGHZSPI_NSS
                0x080088d8       0x14 ./Drivers/STM32WLxx_HAL_Driver/Src/stm32wlxx_hal_subghz.o
 .text.LL_PWR_SelectSUBGHZSPI_NSS
                0x080088ec       0x14 ./Drivers/STM32WLxx_HAL_Driver/Src/stm32wlxx_hal_subghz.o
 .text.SUBGHZSPI_Init
                0x08008900       0x24 ./Drivers/STM32WLxx_HAL_Driver/Src/stm32wlxx_hal_subghz.o
                0x08008900                SUBGHZSPI_Init
 .text.HAL_SUBGHZ_Init
                0x08008924       0xb8 ./Drivers/STM32WLxx_HAL_Driver/Src/stm32wlxx_hal_subghz.o
                0x08008924                HAL_SUBGHZ_Init
 .text.SUBGHZSPI_Transmit
                0x080089dc       0x68 ./Drivers/STM32WLxx_HAL_Driver/Src/stm32wlxx_hal_subghz.o
                0x080089dc                SUBGHZSPI_Transmit
 .text.SUBGHZSPI_Receive
                0x08008a44       0x6c ./Drivers/STM32WLxx_HAL_Driver/Src/stm32wlxx_hal_subghz.o
                0x08008a44                SUBGHZSPI_Receive
 .text.SUBGHZ_WaitOnBusy
                0x08008ab0       0x44 ./Drivers/STM32WLxx_HAL_Driver/Src/stm32wlxx_hal_subghz.o
                0x08008ab0                SUBGHZ_WaitOnBusy
 .text.SUBGHZ_CheckDeviceReady
                0x08008af4       0x30 ./Drivers/STM32WLxx_HAL_Driver/Src/stm32wlxx_hal_subghz.o
                0x08008af4                SUBGHZ_CheckDeviceReady
 .text.HAL_SUBGHZ_WriteRegisters
                0x08008b24       0x72 ./Drivers/STM32WLxx_HAL_Driver/Src/stm32wlxx_hal_subghz.o
                0x08008b24                HAL_SUBGHZ_WriteRegisters
 .text.HAL_SUBGHZ_ReadRegisters
                0x08008b96       0x76 ./Drivers/STM32WLxx_HAL_Driver/Src/stm32wlxx_hal_subghz.o
                0x08008b96                HAL_SUBGHZ_ReadRegisters
 .text.HAL_SUBGHZ_ExecSetCmd
                0x08008c0c       0x70 ./Drivers/STM32WLxx_HAL_Driver/Src/stm32wlxx_hal_subghz.o
                0x08008c0c                HAL_SUBGHZ_ExecSetCmd
 .text.HAL_SUBGHZ_ExecGetCmd
                0x08008c7c       0x66 ./Drivers/STM32WLxx_HAL_Driver/Src/stm32wlxx_hal_subghz.o
                0x08008c7c                HAL_SUBGHZ_ExecGetCmd
 .text.HAL_SUBGHZ_IRQHandler
                0x08008ce2       0xa4 ./Drivers/STM32WLxx_HAL_Driver/Src/stm32wlxx_hal_subghz.o
                0x08008ce2                HAL_SUBGHZ_IRQHandler
 .text.HAL_SUBGHZ_WriteBuffer
                0x08008d86       0x66 ./Drivers/STM32WLxx_HAL_Driver/Src/stm32wlxx_hal_subghz.o
                0x08008d86                HAL_SUBGHZ_WriteBuffer
 .text.HAL_SUBGHZ_ReadBuffer
                0x08008dec       0x6e ./Drivers/STM32WLxx_HAL_Driver/Src/stm32wlxx_hal_subghz.o
                0x08008dec                HAL_SUBGHZ_ReadBuffer
 .text.UART_EndTxTransfer
                0x08008e5a       0x34 ./Drivers/STM32WLxx_HAL_Driver/Src/stm32wlxx_hal_uart.o
 *fill*         0x08008e8e        0x2 
 .text.UART_EndRxTransfer
                0x08008e90       0x58 ./Drivers/STM32WLxx_HAL_Driver/Src/stm32wlxx_hal_uart.o
 .text.HAL_UART_DeInit
                0x08008ee8       0x3e ./Drivers/STM32WLxx_HAL_Driver/Src/stm32wlxx_hal_uart.o
                0x08008ee8                HAL_UART_DeInit
 *fill*         0x08008f26        0x2 
 .text.HAL_UART_Transmit_DMA
                0x08008f28       0x84 ./Drivers/STM32WLxx_HAL_Driver/Src/stm32wlxx_hal_uart.o
                0x08008f28                HAL_UART_Transmit_DMA
 .text.HAL_UART_Abort
                0x08008fac       0xf4 ./Drivers/STM32WLxx_HAL_Driver/Src/stm32wlxx_hal_uart.o
                0x08008fac                HAL_UART_Abort
 .text.UART_DMATransmitCplt
                0x080090a0       0x40 ./Drivers/STM32WLxx_HAL_Driver/Src/stm32wlxx_hal_uart.o
 .text.HAL_UART_TxHalfCpltCallback
                0x080090e0        0x2 ./Drivers/STM32WLxx_HAL_Driver/Src/stm32wlxx_hal_uart.o
                0x080090e0                HAL_UART_TxHalfCpltCallback
 .text.UART_DMATxHalfCplt
                0x080090e2        0xa ./Drivers/STM32WLxx_HAL_Driver/Src/stm32wlxx_hal_uart.o
 .text.UART_DMAError
                0x080090ec       0x3c ./Drivers/STM32WLxx_HAL_Driver/Src/stm32wlxx_hal_uart.o
 .text.UART_DMAAbortOnError
                0x08009128        0xa ./Drivers/STM32WLxx_HAL_Driver/Src/stm32wlxx_hal_uart.o
 .text.HAL_UARTEx_RxEventCallback
                0x08009132        0x2 ./Drivers/STM32WLxx_HAL_Driver/Src/stm32wlxx_hal_uart.o
                0x08009132                HAL_UARTEx_RxEventCallback
 .text.HAL_UART_IRQHandler
                0x08009134      0x304 ./Drivers/STM32WLxx_HAL_Driver/Src/stm32wlxx_hal_uart.o
                0x08009134                HAL_UART_IRQHandler
 .text.UART_RxISR_8BIT
                0x08009438       0xcc ./Drivers/STM32WLxx_HAL_Driver/Src/stm32wlxx_hal_uart.o
 .text.UART_RxISR_16BIT
                0x08009504       0xc4 ./Drivers/STM32WLxx_HAL_Driver/Src/stm32wlxx_hal_uart.o
 .text.UART_RxISR_8BIT_FIFOEN
                0x080095c8      0x1a0 ./Drivers/STM32WLxx_HAL_Driver/Src/stm32wlxx_hal_uart.o
 .text.UART_RxISR_16BIT_FIFOEN
                0x08009768      0x198 ./Drivers/STM32WLxx_HAL_Driver/Src/stm32wlxx_hal_uart.o
 .text.UART_SetConfig
                0x08009900      0x214 ./Drivers/STM32WLxx_HAL_Driver/Src/stm32wlxx_hal_uart.o
                0x08009900                UART_SetConfig
 .text.UART_AdvFeatureConfig
                0x08009b14       0xa8 ./Drivers/STM32WLxx_HAL_Driver/Src/stm32wlxx_hal_uart.o
                0x08009b14                UART_AdvFeatureConfig
 .text.UART_WaitOnFlagUntilTimeout
                0x08009bbc       0x90 ./Drivers/STM32WLxx_HAL_Driver/Src/stm32wlxx_hal_uart.o
                0x08009bbc                UART_WaitOnFlagUntilTimeout
 .text.HAL_UART_Transmit
                0x08009c4c       0xb6 ./Drivers/STM32WLxx_HAL_Driver/Src/stm32wlxx_hal_uart.o
                0x08009c4c                HAL_UART_Transmit
 .text.UART_CheckIdleState
                0x08009d02       0xb6 ./Drivers/STM32WLxx_HAL_Driver/Src/stm32wlxx_hal_uart.o
                0x08009d02                UART_CheckIdleState
 .text.HAL_UART_Init
                0x08009db8       0x60 ./Drivers/STM32WLxx_HAL_Driver/Src/stm32wlxx_hal_uart.o
                0x08009db8                HAL_UART_Init
 .text.UART_Start_Receive_IT
                0x08009e18      0x114 ./Drivers/STM32WLxx_HAL_Driver/Src/stm32wlxx_hal_uart.o
                0x08009e18                UART_Start_Receive_IT
 .text.HAL_UART_Receive_IT
                0x08009f2c       0x44 ./Drivers/STM32WLxx_HAL_Driver/Src/stm32wlxx_hal_uart.o
                0x08009f2c                HAL_UART_Receive_IT
 .text.UARTEx_SetNbDataToProcess
                0x08009f70       0x44 ./Drivers/STM32WLxx_HAL_Driver/Src/stm32wlxx_hal_uart_ex.o
 .text.HAL_UARTEx_WakeupCallback
                0x08009fb4        0x2 ./Drivers/STM32WLxx_HAL_Driver/Src/stm32wlxx_hal_uart_ex.o
                0x08009fb4                HAL_UARTEx_WakeupCallback
 .text.HAL_UARTEx_RxFifoFullCallback
                0x08009fb6        0x2 ./Drivers/STM32WLxx_HAL_Driver/Src/stm32wlxx_hal_uart_ex.o
                0x08009fb6                HAL_UARTEx_RxFifoFullCallback
 .text.HAL_UARTEx_TxFifoEmptyCallback
                0x08009fb8        0x2 ./Drivers/STM32WLxx_HAL_Driver/Src/stm32wlxx_hal_uart_ex.o
                0x08009fb8                HAL_UARTEx_TxFifoEmptyCallback
 .text.HAL_UARTEx_StopModeWakeUpSourceConfig
                0x08009fba       0x8c ./Drivers/STM32WLxx_HAL_Driver/Src/stm32wlxx_hal_uart_ex.o
                0x08009fba                HAL_UARTEx_StopModeWakeUpSourceConfig
 .text.HAL_UARTEx_EnableStopMode
                0x0800a046       0x2c ./Drivers/STM32WLxx_HAL_Driver/Src/stm32wlxx_hal_uart_ex.o
                0x0800a046                HAL_UARTEx_EnableStopMode
 .text.HAL_UARTEx_DisableFifoMode
                0x0800a072       0x36 ./Drivers/STM32WLxx_HAL_Driver/Src/stm32wlxx_hal_uart_ex.o
                0x0800a072                HAL_UARTEx_DisableFifoMode
 .text.HAL_UARTEx_SetTxFifoThreshold
                0x0800a0a8       0x40 ./Drivers/STM32WLxx_HAL_Driver/Src/stm32wlxx_hal_uart_ex.o
                0x0800a0a8                HAL_UARTEx_SetTxFifoThreshold
 .text.HAL_UARTEx_SetRxFifoThreshold
                0x0800a0e8       0x40 ./Drivers/STM32WLxx_HAL_Driver/Src/stm32wlxx_hal_uart_ex.o
                0x0800a0e8                HAL_UARTEx_SetRxFifoThreshold
 .text.RadioCheckRfFrequency
                0x0800a128        0x4 ./Middlewares/Third_Party/SubGHz_Phy/stm32_radio_driver/radio.o
 .text.RadioOnTxTimeoutIrq
                0x0800a12c       0x14 ./Middlewares/Third_Party/SubGHz_Phy/stm32_radio_driver/radio.o
 .text.RadioOnRxTimeoutIrq
                0x0800a140       0x14 ./Middlewares/Third_Party/SubGHz_Phy/stm32_radio_driver/radio.o
 .text.RadioLrFhssSetCfg
                0x0800a154        0x4 ./Middlewares/Third_Party/SubGHz_Phy/stm32_radio_driver/radio.o
 .text.RadioLrFhssGetTimeOnAirInMs
                0x0800a158        0x4 ./Middlewares/Third_Party/SubGHz_Phy/stm32_radio_driver/radio.o
 .text.RadioRead
                0x0800a15c        0x4 ./Middlewares/Third_Party/SubGHz_Phy/stm32_radio_driver/radio.o
 .text.RadioWrite
                0x0800a160        0x4 ./Middlewares/Third_Party/SubGHz_Phy/stm32_radio_driver/radio.o
 .text.RadioTxCw
                0x0800a164       0x22 ./Middlewares/Third_Party/SubGHz_Phy/stm32_radio_driver/radio.o
 *fill*         0x0800a186        0x2 
 .text.RadioSetRxDutyCycle
                0x0800a188       0x38 ./Middlewares/Third_Party/SubGHz_Phy/stm32_radio_driver/radio.o
 .text.RadioRxBoosted
                0x0800a1c0       0x5c ./Middlewares/Third_Party/SubGHz_Phy/stm32_radio_driver/radio.o
 .text.RadioStandby
                0x0800a21c        0x6 ./Middlewares/Third_Party/SubGHz_Phy/stm32_radio_driver/radio.o
 *fill*         0x0800a222        0x2 
 .text.RadioGetStatus
                0x0800a224       0x1c ./Middlewares/Third_Party/SubGHz_Phy/stm32_radio_driver/radio.o
 .text.RadioGetWakeupTime
                0x0800a240        0xa ./Middlewares/Third_Party/SubGHz_Phy/stm32_radio_driver/radio.o
 .text.RadioReadRegisters
                0x0800a24a        0x4 ./Middlewares/Third_Party/SubGHz_Phy/stm32_radio_driver/radio.o
 .text.RadioWriteRegisters
                0x0800a24e        0x4 ./Middlewares/Third_Party/SubGHz_Phy/stm32_radio_driver/radio.o
 .text.RadioRssi
                0x0800a252        0x8 ./Middlewares/Third_Party/SubGHz_Phy/stm32_radio_driver/radio.o
 *fill*         0x0800a25a        0x2 
 .text.RadioSetTxContinuousWave
                0x0800a25c       0x44 ./Middlewares/Third_Party/SubGHz_Phy/stm32_radio_driver/radio.o
 .text.RadioSetChannel
                0x0800a2a0        0x4 ./Middlewares/Third_Party/SubGHz_Phy/stm32_radio_driver/radio.o
 .text.RadioStartCad
                0x0800a2a4       0x28 ./Middlewares/Third_Party/SubGHz_Phy/stm32_radio_driver/radio.o
 .text.RadioRx  0x0800a2cc       0x5c ./Middlewares/Third_Party/SubGHz_Phy/stm32_radio_driver/radio.o
 .text.RadioSleep
                0x0800a328       0x14 ./Middlewares/Third_Party/SubGHz_Phy/stm32_radio_driver/radio.o
 .text.RadioRandom
                0x0800a33c       0x16 ./Middlewares/Third_Party/SubGHz_Phy/stm32_radio_driver/radio.o
 *fill*         0x0800a352        0x2 
 .text.RadioInit
                0x0800a354       0x94 ./Middlewares/Third_Party/SubGHz_Phy/stm32_radio_driver/radio.o
 .text.RadioSetMaxPayloadLength
                0x0800a3e8       0x2c ./Middlewares/Third_Party/SubGHz_Phy/stm32_radio_driver/radio.o
 .text.RadioSetPublicNetwork
                0x0800a414       0x3c ./Middlewares/Third_Party/SubGHz_Phy/stm32_radio_driver/radio.o
 .text.RadioSetModem
                0x0800a450       0x4c ./Middlewares/Third_Party/SubGHz_Phy/stm32_radio_driver/radio.o
 .text.RadioSetTxGenericConfig
                0x0800a49c      0x278 ./Middlewares/Third_Party/SubGHz_Phy/stm32_radio_driver/radio.o
 .text.RadioSetRxGenericConfig
                0x0800a714      0x1f8 ./Middlewares/Third_Party/SubGHz_Phy/stm32_radio_driver/radio.o
 .text.RadioSetTxConfig
                0x0800a90c      0x188 ./Middlewares/Third_Party/SubGHz_Phy/stm32_radio_driver/radio.o
 .text.RadioSetRxConfig
                0x0800aa94      0x2d4 ./Middlewares/Third_Party/SubGHz_Phy/stm32_radio_driver/radio.o
 .text.RadioIsChannelFree
                0x0800ad68       0x7a ./Middlewares/Third_Party/SubGHz_Phy/stm32_radio_driver/radio.o
 *fill*         0x0800ade2        0x2 
 .text.RadioSend
                0x0800ade4      0x1a4 ./Middlewares/Third_Party/SubGHz_Phy/stm32_radio_driver/radio.o
 .text.RadioTimeOnAir
                0x0800af88       0xec ./Middlewares/Third_Party/SubGHz_Phy/stm32_radio_driver/radio.o
 .text.RadioTxPrbs
                0x0800b074       0x30 ./Middlewares/Third_Party/SubGHz_Phy/stm32_radio_driver/radio.o
 .text.RadioIrqProcess
                0x0800b0a4      0x230 ./Middlewares/Third_Party/SubGHz_Phy/stm32_radio_driver/radio.o
 .text.RadioOnDioIrq
                0x0800b2d4       0x10 ./Middlewares/Third_Party/SubGHz_Phy/stm32_radio_driver/radio.o
 .text.SUBGRF_GetOperatingMode
                0x0800b2e4        0xc ./Middlewares/Third_Party/SubGHz_Phy/stm32_radio_driver/radio_driver.o
                0x0800b2e4                SUBGRF_GetOperatingMode
 .text.SUBGRF_WriteRegister
                0x0800b2f0       0x28 ./Middlewares/Third_Party/SubGHz_Phy/stm32_radio_driver/radio_driver.o
                0x0800b2f0                SUBGRF_WriteRegister
 .text.SUBGRF_ReadRegister
                0x0800b318       0x28 ./Middlewares/Third_Party/SubGHz_Phy/stm32_radio_driver/radio_driver.o
                0x0800b318                SUBGRF_ReadRegister
 .text.Radio_SMPS_Set
                0x0800b340       0x28 ./Middlewares/Third_Party/SubGHz_Phy/stm32_radio_driver/radio_driver.o
 .text.SUBGRF_SetWhiteningSeed
                0x0800b368       0x38 ./Middlewares/Third_Party/SubGHz_Phy/stm32_radio_driver/radio_driver.o
                0x0800b368                SUBGRF_SetWhiteningSeed
 .text.SUBGRF_WriteRegisters
                0x0800b3a0       0x20 ./Middlewares/Third_Party/SubGHz_Phy/stm32_radio_driver/radio_driver.o
                0x0800b3a0                SUBGRF_WriteRegisters
 .text.SUBGRF_SetSyncWord
                0x0800b3c0       0x12 ./Middlewares/Third_Party/SubGHz_Phy/stm32_radio_driver/radio_driver.o
                0x0800b3c0                SUBGRF_SetSyncWord
 *fill*         0x0800b3d2        0x2 
 .text.SUBGRF_SetCrcSeed
                0x0800b3d4       0x24 ./Middlewares/Third_Party/SubGHz_Phy/stm32_radio_driver/radio_driver.o
                0x0800b3d4                SUBGRF_SetCrcSeed
 .text.SUBGRF_SetCrcPolynomial
                0x0800b3f8       0x24 ./Middlewares/Third_Party/SubGHz_Phy/stm32_radio_driver/radio_driver.o
                0x0800b3f8                SUBGRF_SetCrcPolynomial
 .text.SUBGRF_ReadRegisters
                0x0800b41c       0x20 ./Middlewares/Third_Party/SubGHz_Phy/stm32_radio_driver/radio_driver.o
                0x0800b41c                SUBGRF_ReadRegisters
 .text.SUBGRF_WriteBuffer
                0x0800b43c       0x20 ./Middlewares/Third_Party/SubGHz_Phy/stm32_radio_driver/radio_driver.o
                0x0800b43c                SUBGRF_WriteBuffer
 .text.SUBGRF_SetPayload
                0x0800b45c        0xa ./Middlewares/Third_Party/SubGHz_Phy/stm32_radio_driver/radio_driver.o
                0x0800b45c                SUBGRF_SetPayload
 *fill*         0x0800b466        0x2 
 .text.SUBGRF_ReadBuffer
                0x0800b468       0x20 ./Middlewares/Third_Party/SubGHz_Phy/stm32_radio_driver/radio_driver.o
                0x0800b468                SUBGRF_ReadBuffer
 .text.SUBGRF_WriteCommand
                0x0800b488       0x20 ./Middlewares/Third_Party/SubGHz_Phy/stm32_radio_driver/radio_driver.o
                0x0800b488                SUBGRF_WriteCommand
 .text.SUBGRF_SetSleep
                0x0800b4a8       0x44 ./Middlewares/Third_Party/SubGHz_Phy/stm32_radio_driver/radio_driver.o
                0x0800b4a8                SUBGRF_SetSleep
 .text.SUBGRF_SetStandby
                0x0800b4ec       0x2c ./Middlewares/Third_Party/SubGHz_Phy/stm32_radio_driver/radio_driver.o
                0x0800b4ec                SUBGRF_SetStandby
 .text.SUBGRF_SetTx
                0x0800b518       0x2c ./Middlewares/Third_Party/SubGHz_Phy/stm32_radio_driver/radio_driver.o
                0x0800b518                SUBGRF_SetTx
 .text.SUBGRF_SendPayload
                0x0800b544       0x12 ./Middlewares/Third_Party/SubGHz_Phy/stm32_radio_driver/radio_driver.o
                0x0800b544                SUBGRF_SendPayload
 *fill*         0x0800b556        0x2 
 .text.SUBGRF_SetRx
                0x0800b558       0x2c ./Middlewares/Third_Party/SubGHz_Phy/stm32_radio_driver/radio_driver.o
                0x0800b558                SUBGRF_SetRx
 .text.SUBGRF_GetRandom
                0x0800b584       0x68 ./Middlewares/Third_Party/SubGHz_Phy/stm32_radio_driver/radio_driver.o
                0x0800b584                SUBGRF_GetRandom
 .text.SUBGRF_SetRxBoosted
                0x0800b5ec       0x38 ./Middlewares/Third_Party/SubGHz_Phy/stm32_radio_driver/radio_driver.o
                0x0800b5ec                SUBGRF_SetRxBoosted
 .text.SUBGRF_SetRxDutyCycle
                0x0800b624       0x38 ./Middlewares/Third_Party/SubGHz_Phy/stm32_radio_driver/radio_driver.o
                0x0800b624                SUBGRF_SetRxDutyCycle
 .text.SUBGRF_SetCad
                0x0800b65c       0x18 ./Middlewares/Third_Party/SubGHz_Phy/stm32_radio_driver/radio_driver.o
                0x0800b65c                SUBGRF_SetCad
 .text.SUBGRF_SetTxContinuousWave
                0x0800b674        0xa ./Middlewares/Third_Party/SubGHz_Phy/stm32_radio_driver/radio_driver.o
                0x0800b674                SUBGRF_SetTxContinuousWave
 .text.SUBGRF_SetTxInfinitePreamble
                0x0800b67e        0xa ./Middlewares/Third_Party/SubGHz_Phy/stm32_radio_driver/radio_driver.o
                0x0800b67e                SUBGRF_SetTxInfinitePreamble
 .text.SUBGRF_SetStopRxTimerOnPreambleDetect
                0x0800b688       0x18 ./Middlewares/Third_Party/SubGHz_Phy/stm32_radio_driver/radio_driver.o
                0x0800b688                SUBGRF_SetStopRxTimerOnPreambleDetect
 .text.SUBGRF_SetLoRaSymbNumTimeout
                0x0800b6a0       0x30 ./Middlewares/Third_Party/SubGHz_Phy/stm32_radio_driver/radio_driver.o
                0x0800b6a0                SUBGRF_SetLoRaSymbNumTimeout
 .text.SUBGRF_SetRegulatorMode
                0x0800b6d0       0x22 ./Middlewares/Third_Party/SubGHz_Phy/stm32_radio_driver/radio_driver.o
                0x0800b6d0                SUBGRF_SetRegulatorMode
 .text.SUBGRF_Calibrate
                0x0800b6f2       0x42 ./Middlewares/Third_Party/SubGHz_Phy/stm32_radio_driver/radio_driver.o
                0x0800b6f2                SUBGRF_Calibrate
 .text.SUBGRF_CalibrateImage
                0x0800b734       0x6c ./Middlewares/Third_Party/SubGHz_Phy/stm32_radio_driver/radio_driver.o
                0x0800b734                SUBGRF_CalibrateImage
 .text.SUBGRF_SetPaConfig
                0x0800b7a0       0x24 ./Middlewares/Third_Party/SubGHz_Phy/stm32_radio_driver/radio_driver.o
                0x0800b7a0                SUBGRF_SetPaConfig
 .text.SUBGRF_SetDioIrqParams
                0x0800b7c4       0x2a ./Middlewares/Third_Party/SubGHz_Phy/stm32_radio_driver/radio_driver.o
                0x0800b7c4                SUBGRF_SetDioIrqParams
 .text.SUBGRF_SetTcxoMode
                0x0800b7ee       0x28 ./Middlewares/Third_Party/SubGHz_Phy/stm32_radio_driver/radio_driver.o
                0x0800b7ee                SUBGRF_SetTcxoMode
 *fill*         0x0800b816        0x2 
 .text.SUBGRF_Init
                0x0800b818       0x78 ./Middlewares/Third_Party/SubGHz_Phy/stm32_radio_driver/radio_driver.o
                0x0800b818                SUBGRF_Init
 .text.SUBGRF_SetRfFrequency
                0x0800b890       0x3c ./Middlewares/Third_Party/SubGHz_Phy/stm32_radio_driver/radio_driver.o
                0x0800b890                SUBGRF_SetRfFrequency
 .text.SUBGRF_SetPacketType
                0x0800b8cc       0x2c ./Middlewares/Third_Party/SubGHz_Phy/stm32_radio_driver/radio_driver.o
                0x0800b8cc                SUBGRF_SetPacketType
 .text.SUBGRF_SetTxParams
                0x0800b8f8       0xf4 ./Middlewares/Third_Party/SubGHz_Phy/stm32_radio_driver/radio_driver.o
                0x0800b8f8                SUBGRF_SetTxParams
 .text.SUBGRF_SetModulationParams
                0x0800b9ec       0xd0 ./Middlewares/Third_Party/SubGHz_Phy/stm32_radio_driver/radio_driver.o
                0x0800b9ec                SUBGRF_SetModulationParams
 .text.SUBGRF_SetPacketParams
                0x0800babc       0xc0 ./Middlewares/Third_Party/SubGHz_Phy/stm32_radio_driver/radio_driver.o
                0x0800babc                SUBGRF_SetPacketParams
 .text.SUBGRF_SetBufferBaseAddress
                0x0800bb7c       0x1a ./Middlewares/Third_Party/SubGHz_Phy/stm32_radio_driver/radio_driver.o
                0x0800bb7c                SUBGRF_SetBufferBaseAddress
 *fill*         0x0800bb96        0x2 
 .text.SUBGRF_ReadCommand
                0x0800bb98       0x20 ./Middlewares/Third_Party/SubGHz_Phy/stm32_radio_driver/radio_driver.o
                0x0800bb98                SUBGRF_ReadCommand
 .text.SUBGRF_GetRssiInst
                0x0800bbb8       0x1a ./Middlewares/Third_Party/SubGHz_Phy/stm32_radio_driver/radio_driver.o
                0x0800bbb8                SUBGRF_GetRssiInst
 *fill*         0x0800bbd2        0x2 
 .text.SUBGRF_GetRxBufferStatus
                0x0800bbd4       0x44 ./Middlewares/Third_Party/SubGHz_Phy/stm32_radio_driver/radio_driver.o
                0x0800bbd4                SUBGRF_GetRxBufferStatus
 .text.SUBGRF_GetPayload
                0x0800bc18       0x2c ./Middlewares/Third_Party/SubGHz_Phy/stm32_radio_driver/radio_driver.o
                0x0800bc18                SUBGRF_GetPayload
 .text.SUBGRF_GetPacketStatus
                0x0800bc44       0x78 ./Middlewares/Third_Party/SubGHz_Phy/stm32_radio_driver/radio_driver.o
                0x0800bc44                SUBGRF_GetPacketStatus
 .text.SUBGRF_SetSwitch
                0x0800bcbc       0x28 ./Middlewares/Third_Party/SubGHz_Phy/stm32_radio_driver/radio_driver.o
                0x0800bcbc                SUBGRF_SetSwitch
 .text.SUBGRF_SetRfTxPower
                0x0800bce4       0x2a ./Middlewares/Third_Party/SubGHz_Phy/stm32_radio_driver/radio_driver.o
                0x0800bce4                SUBGRF_SetRfTxPower
 .text.SUBGRF_GetRadioWakeUpTime
                0x0800bd0e        0x4 ./Middlewares/Third_Party/SubGHz_Phy/stm32_radio_driver/radio_driver.o
                0x0800bd0e                SUBGRF_GetRadioWakeUpTime
 *fill*         0x0800bd12        0x2 
 .text.HAL_SUBGHZ_TxCpltCallback
                0x0800bd14        0xc ./Middlewares/Third_Party/SubGHz_Phy/stm32_radio_driver/radio_driver.o
                0x0800bd14                HAL_SUBGHZ_TxCpltCallback
 .text.HAL_SUBGHZ_RxCpltCallback
                0x0800bd20        0xc ./Middlewares/Third_Party/SubGHz_Phy/stm32_radio_driver/radio_driver.o
                0x0800bd20                HAL_SUBGHZ_RxCpltCallback
 .text.HAL_SUBGHZ_CRCErrorCallback
                0x0800bd2c        0xc ./Middlewares/Third_Party/SubGHz_Phy/stm32_radio_driver/radio_driver.o
                0x0800bd2c                HAL_SUBGHZ_CRCErrorCallback
 .text.HAL_SUBGHZ_CADStatusCallback
                0x0800bd38       0x20 ./Middlewares/Third_Party/SubGHz_Phy/stm32_radio_driver/radio_driver.o
                0x0800bd38                HAL_SUBGHZ_CADStatusCallback
 .text.HAL_SUBGHZ_RxTxTimeoutCallback
                0x0800bd58       0x10 ./Middlewares/Third_Party/SubGHz_Phy/stm32_radio_driver/radio_driver.o
                0x0800bd58                HAL_SUBGHZ_RxTxTimeoutCallback
 .text.HAL_SUBGHZ_HeaderErrorCallback
                0x0800bd68        0xc ./Middlewares/Third_Party/SubGHz_Phy/stm32_radio_driver/radio_driver.o
                0x0800bd68                HAL_SUBGHZ_HeaderErrorCallback
 .text.HAL_SUBGHZ_PreambleDetectedCallback
                0x0800bd74        0xc ./Middlewares/Third_Party/SubGHz_Phy/stm32_radio_driver/radio_driver.o
                0x0800bd74                HAL_SUBGHZ_PreambleDetectedCallback
 .text.HAL_SUBGHZ_SyncWordValidCallback
                0x0800bd80        0xc ./Middlewares/Third_Party/SubGHz_Phy/stm32_radio_driver/radio_driver.o
                0x0800bd80                HAL_SUBGHZ_SyncWordValidCallback
 .text.HAL_SUBGHZ_HeaderValidCallback
                0x0800bd8c        0xc ./Middlewares/Third_Party/SubGHz_Phy/stm32_radio_driver/radio_driver.o
                0x0800bd8c                HAL_SUBGHZ_HeaderValidCallback
 .text.HAL_SUBGHZ_LrFhssHopCallback
                0x0800bd98       0x10 ./Middlewares/Third_Party/SubGHz_Phy/stm32_radio_driver/radio_driver.o
                0x0800bd98                HAL_SUBGHZ_LrFhssHopCallback
 .text.SUBGRF_GetFskBandwidthRegValue
                0x0800bda8       0x28 ./Middlewares/Third_Party/SubGHz_Phy/stm32_radio_driver/radio_driver.o
                0x0800bda8                SUBGRF_GetFskBandwidthRegValue
 .text.SUBGRF_GetCFO
                0x0800bdd0       0x80 ./Middlewares/Third_Party/SubGHz_Phy/stm32_radio_driver/radio_driver.o
                0x0800bdd0                SUBGRF_GetCFO
 .text.RFW_TransmitLongPacket
                0x0800be50        0x6 ./Middlewares/Third_Party/SubGHz_Phy/stm32_radio_driver/radio_fw.o
                0x0800be50                RFW_TransmitLongPacket
 .text.RFW_ReceiveLongPacket
                0x0800be56        0x6 ./Middlewares/Third_Party/SubGHz_Phy/stm32_radio_driver/radio_fw.o
                0x0800be56                RFW_ReceiveLongPacket
 .text.RFW_Init
                0x0800be5c        0x6 ./Middlewares/Third_Party/SubGHz_Phy/stm32_radio_driver/radio_fw.o
                0x0800be5c                RFW_Init
 .text.RFW_DeInit
                0x0800be62        0x2 ./Middlewares/Third_Party/SubGHz_Phy/stm32_radio_driver/radio_fw.o
                0x0800be62                RFW_DeInit
 .text.RFW_Is_Init
                0x0800be64        0x4 ./Middlewares/Third_Party/SubGHz_Phy/stm32_radio_driver/radio_fw.o
                0x0800be64                RFW_Is_Init
 .text.RFW_Is_LongPacketModeEnabled
                0x0800be68        0x4 ./Middlewares/Third_Party/SubGHz_Phy/stm32_radio_driver/radio_fw.o
                0x0800be68                RFW_Is_LongPacketModeEnabled
 .text.RFW_SetAntSwitch
                0x0800be6c        0x2 ./Middlewares/Third_Party/SubGHz_Phy/stm32_radio_driver/radio_fw.o
                0x0800be6c                RFW_SetAntSwitch
 .text.RFW_TransmitInit
                0x0800be6e        0x6 ./Middlewares/Third_Party/SubGHz_Phy/stm32_radio_driver/radio_fw.o
                0x0800be6e                RFW_TransmitInit
 .text.RFW_ReceiveInit
                0x0800be74        0x6 ./Middlewares/Third_Party/SubGHz_Phy/stm32_radio_driver/radio_fw.o
                0x0800be74                RFW_ReceiveInit
 .text.RFW_DeInit_TxLongPacket
                0x0800be7a        0x2 ./Middlewares/Third_Party/SubGHz_Phy/stm32_radio_driver/radio_fw.o
                0x0800be7a                RFW_DeInit_TxLongPacket
 .text.RFW_ReceivePayload
                0x0800be7c        0x2 ./Middlewares/Third_Party/SubGHz_Phy/stm32_radio_driver/radio_fw.o
                0x0800be7c                RFW_ReceivePayload
 .text.RFW_SetRadioModem
                0x0800be7e        0x2 ./Middlewares/Third_Party/SubGHz_Phy/stm32_radio_driver/radio_fw.o
                0x0800be7e                RFW_SetRadioModem
 .text.MX_SubGHz_Phy_Init
                0x0800be80       0x12 ./SubGHz_Phy/App/app_subghz_phy.o
                0x0800be80                MX_SubGHz_Phy_Init
 .text.MX_SubGHz_Phy_Process
                0x0800be92        0x8 ./SubGHz_Phy/App/app_subghz_phy.o
                0x0800be92                MX_SubGHz_Phy_Process
 *fill*         0x0800be9a        0x2 
 .text.OnRxError
                0x0800be9c       0x14 ./SubGHz_Phy/App/subghz_phy_app.o
 .text.OnRxTimeout
                0x0800beb0       0x14 ./SubGHz_Phy/App/subghz_phy_app.o
 .text.OnTxTimeout
                0x0800bec4       0x14 ./SubGHz_Phy/App/subghz_phy_app.o
 .text.OnRxDone
                0x0800bed8       0x14 ./SubGHz_Phy/App/subghz_phy_app.o
 .text.OnTxDone
                0x0800beec       0x14 ./SubGHz_Phy/App/subghz_phy_app.o
 .text.SubghzApp_Init
                0x0800bf00       0x44 ./SubGHz_Phy/App/subghz_phy_app.o
                0x0800bf00                SubghzApp_Init
 .text.SubghzApp_ReInitRadio
                0x0800bf44       0x1c ./SubGHz_Phy/App/subghz_phy_app.o
                0x0800bf44                SubghzApp_ReInitRadio
 .text.RBI_Init
                0x0800bf60        0x4 ./SubGHz_Phy/Target/radio_board_if.o
                0x0800bf60                RBI_Init
 .text.RBI_ConfigRFSwitch
                0x0800bf64       0x3e ./SubGHz_Phy/Target/radio_board_if.o
                0x0800bf64                RBI_ConfigRFSwitch
 .text.RBI_GetTxConfig
                0x0800bfa2        0x4 ./SubGHz_Phy/Target/radio_board_if.o
                0x0800bfa2                RBI_GetTxConfig
 .text.RBI_IsTCXO
                0x0800bfa6        0x4 ./SubGHz_Phy/Target/radio_board_if.o
                0x0800bfa6                RBI_IsTCXO
 .text.RBI_IsDCDC
                0x0800bfaa        0x4 ./SubGHz_Phy/Target/radio_board_if.o
                0x0800bfaa                RBI_IsDCDC
 .text.RBI_GetRFOMaxPowerConfig
                0x0800bfae        0xa ./SubGHz_Phy/Target/radio_board_if.o
                0x0800bfae                RBI_GetRFOMaxPowerConfig
 .text.UTIL_LPM_Init
                0x0800bfb8       0x14 ./Utilities/lpm/tiny_lpm/stm32_lpm.o
                0x0800bfb8                UTIL_LPM_Init
 .text.UTIL_LPM_SetStopMode
                0x0800bfcc       0x2c ./Utilities/lpm/tiny_lpm/stm32_lpm.o
                0x0800bfcc                UTIL_LPM_SetStopMode
 .text.UTIL_LPM_SetOffMode
                0x0800bff8       0x2c ./Utilities/lpm/tiny_lpm/stm32_lpm.o
                0x0800bff8                UTIL_LPM_SetOffMode
 .text.UTIL_LPM_EnterLowPower
                0x0800c024       0x40 ./Utilities/lpm/tiny_lpm/stm32_lpm.o
                0x0800c024                UTIL_LPM_EnterLowPower
 .text.UTIL_MEM_cpy_8
                0x0800c064       0x14 ./Utilities/misc/stm32_mem.o
                0x0800c064                UTIL_MEM_cpy_8
 .text.UTIL_MEM_set_8
                0x0800c078        0xe ./Utilities/misc/stm32_mem.o
                0x0800c078                UTIL_MEM_set_8
 *fill*         0x0800c086        0x2 
 .text.SysTimeGet
                0x0800c088       0x4c ./Utilities/misc/stm32_systime.o
                0x0800c088                SysTimeGet
 .text.tiny_vsnprintf_like
                0x0800c0d4      0x248 ./Utilities/misc/stm32_tiny_vsnprintf.o
                0x0800c0d4                tiny_vsnprintf_like
 .text.UTIL_SEQ_SetTask
                0x0800c31c       0x2c ./Utilities/sequencer/stm32_seq.o
                0x0800c31c                UTIL_SEQ_SetTask
 .text.UTIL_SEQ_PreIdle
                0x0800c348        0x2 ./Utilities/sequencer/stm32_seq.o
                0x0800c348                UTIL_SEQ_PreIdle
 .text.UTIL_SEQ_PostIdle
                0x0800c34a        0x2 ./Utilities/sequencer/stm32_seq.o
                0x0800c34a                UTIL_SEQ_PostIdle
 .text.SEQ_BitPosition
                0x0800c34c       0x40 ./Utilities/sequencer/stm32_seq.o
                0x0800c34c                SEQ_BitPosition
 .text.UTIL_SEQ_Run
                0x0800c38c      0x108 ./Utilities/sequencer/stm32_seq.o
                0x0800c38c                UTIL_SEQ_Run
 .text.UTIL_SEQ_RegTask
                0x0800c494       0x20 ./Utilities/sequencer/stm32_seq.o
                0x0800c494                UTIL_SEQ_RegTask
 .text.UTIL_TIMER_Init
                0x0800c4b4       0x14 ./Utilities/timer/stm32_timer.o
                0x0800c4b4                UTIL_TIMER_Init
 .text.UTIL_TIMER_Create
                0x0800c4c8       0x34 ./Utilities/timer/stm32_timer.o
                0x0800c4c8                UTIL_TIMER_Create
 .text.UTIL_TIMER_IsRunning
                0x0800c4fc        0x6 ./Utilities/timer/stm32_timer.o
                0x0800c4fc                UTIL_TIMER_IsRunning
 *fill*         0x0800c502        0x2 
 .text.UTIL_TIMER_GetCurrentTime
                0x0800c504       0x14 ./Utilities/timer/stm32_timer.o
                0x0800c504                UTIL_TIMER_GetCurrentTime
 .text.UTIL_TIMER_GetElapsedTime