../Core/Src/timer_if.c:293:10:TIMER_IF_GetTimerContext	0	static
../Core/Src/timer_if.c:333:10:TIMER_IF_GetMinimumTimeout	0	static
../Core/Src/timer_if.c:346:10:TIMER_IF_Convert_ms2Tick	8	static
../Core/Src/timer_if.c:359:10:TIMER_IF_Convert_Tick2ms	0	static
../Core/Src/timer_if.c:525:24:GetTimerTicks	0	static
../Core/Src/timer_if.c:279:10:TIMER_IF_SetTimerContext	8	static
../Core/Src/timer_if.c:304:10:TIMER_IF_GetTimerElapsedTime	8	static
../Core/Src/timer_if.c:317:10:TIMER_IF_GetTimerValue	0	static
../Core/Src/timer_if.c:262:21:TIMER_IF_StopTimer	8	static
../Core/Src/timer_if.c:448:6:TIMER_IF_BkUp_Write_Seconds	0	static
../Core/Src/timer_if.c:459:6:TIMER_IF_BkUp_Write_SubSeconds	0	static
../Core/Src/timer_if.c:234:21:TIMER_IF_StartTimer	56	static
../Core/Src/timer_if.c:424:10:TIMER_IF_GetTime	16	static
../Core/Src/timer_if.c:470:10:TIMER_IF_BkUp_Read_Seconds	0	static
../Core/Src/timer_if.c:483:10:TIMER_IF_BkUp_Read_SubSeconds	0	static
../Core/Src/timer_if.c:180:21:TIMER_IF_Init	24	static
../Core/Src/timer_if.c:218:6:TIMER_IF_ClearAlarmWakeupFlags	0	static
../Core/Src/timer_if.c:372:6:TIMER_IF_DelayMs	8	static,ignoring_inline_asm
../Core/Src/timer_if.c:390:6:HAL_RTC_AlarmAEventCallback	0	static
../Core/Src/timer_if.c:409:6:HAL_RTCEx_SSRUEventCallback	8	static
