../Core/nui/ui_config.c:126:13:prv_sanitize_cfg	12	static
../Core/nui/ui_config.c:204:13:prv_load_from_flash	16	static
../Core/nui/ui_config.c:218:20:UI_GetConfig	16	static
../Core/nui/ui_config.c:229:6:UI_Config_Save	248	static
../Core/nui/ui_config.c:286:6:UI_SetNetId	8	static
../Core/nui/ui_config.c:292:6:UI_SetGwNum	0	static
../Core/nui/ui_config.c:298:6:UI_SetMaxNodes	0	static
../Core/nui/ui_config.c:305:6:UI_SetNodeNum	0	static
../Core/nui/ui_config.c:311:6:UI_SetSensorEnableMask	0	static
../Core/nui/ui_config.c:316:6:UI_SetSetting	12	static
../Core/nui/ui_config.c:326:6:UI_SetTcpIp	0	static
../Core/nui/ui_config.c:332:6:UI_SetLocAscii	8	static
../Core/nui/ui_config.c:344:13:UI_GetLocAscii	0	static
