../Core/nui/ui_fault.c:5:6:UI_Fault_Init	0	static
../Core/nui/ui_fault.c:6:6:UI_Fault_ClearRuntime	0	static
../Core/nui/ui_fault.c:7:6:UI_Fault_Mark	0	static
../Core/nui/ui_fault.c:14:6:UI_Fault_MarkCmd	0	static
../Core/nui/ui_fault.c:15:6:UI_Fault_Checkpoint	0	static
../Core/nui/ui_fault.c:23:6:UI_Fault_CaptureResetFlags	0	static
../Core/nui/ui_fault.c:24:6:UI_Fault_CaptureHardFault	0	static
../Core/nui/ui_fault.c:25:6:UI_Fault_CaptureHardFaultStack	0	static
../Core/nui/ui_fault.c:30:6:UI_Fault_HardFaultEntry	0	static
../Core/nui/ui_fault.c:31:6:UI_Fault_Bp_ResetRecovered	0	static
../Core/nui/ui_fault.c:32:6:UI_Fault_Bp_StopEnter	0	static
../Core/nui/ui_fault.c:33:6:UI_Fault_Bp_BleBtOn	0	static
../Core/nui/ui_fault.c:34:6:UI_Fault_Bp_BleUartInit	0	static
../Core/nui/ui_fault.c:35:6:UI_Fault_Bp_BleAtReset	0	static
../Core/nui/ui_fault.c:36:6:UI_Fault_Bp_UartError	0	static
../Core/nui/ui_fault.c:37:6:UI_Fault_Bp_GwKeepalive	0	static
../Core/nui/ui_fault.c:38:6:UI_Fault_Bp_GwWakeCb	0	static
../Core/nui/ui_fault.c:39:6:UI_Fault_Bp_GwBeaconSend	0	static
../Core/nui/ui_fault.c:40:6:UI_Fault_Bp_GwRxArm	0	static
../Core/nui/ui_fault.c:41:6:UI_Fault_Bp_GwRxDone	0	static
../Core/nui/ui_fault.c:42:6:UI_Fault_Bp_HardFault	0	static
